Archive member included to satisfy reference by file (symbol)

C:/devkitPro/libnx/lib\libnx.a(applet.o)
                              main.o (appletMainLoop)
C:/devkitPro/libnx/lib\libnx.a(hid.o)
                              functions.o (hidKeysDown)
C:/devkitPro/libnx/lib\libnx.a(apm.o)
                              C:/devkitPro/libnx/lib\libnx.a(applet.o) (apmExit)
C:/devkitPro/libnx/lib\libnx.a(fatal.o)
                              C:/devkitPro/libnx/lib\libnx.a(applet.o) (fatalSimple)
C:/devkitPro/libnx/lib\libnx.a(sm.o)
                              C:/devkitPro/libnx/lib\libnx.a(fatal.o) (smHasInitialized)
C:/devkitPro/libnx/lib\libnx.a(framebuffer.o)
                              main.o (framebufferMakeLinear)
C:/devkitPro/libnx/lib\libnx.a(default_window.o)
                              main.o (nwindowGetDefault)
C:/devkitPro/libnx/lib\libnx.a(native_window.o)
                              C:/devkitPro/libnx/lib\libnx.a(framebuffer.o) (nwindowIsValid)
C:/devkitPro/libnx/lib\libnx.a(swkbd.o)
                              functions.o (swkbdCreate)
C:/devkitPro/libnx/lib\libnx.a(env.o)
                              C:/devkitPro/libnx/lib\libnx.a(applet.o) (envIsNso)
C:/devkitPro/libnx/lib\libnx.a(utf16_to_utf8.o)
                              C:/devkitPro/libnx/lib\libnx.a(swkbd.o) (utf16_to_utf8)
C:/devkitPro/libnx/lib\libnx.a(decode_utf16.o)
                              C:/devkitPro/libnx/lib\libnx.a(utf16_to_utf8.o) (decode_utf16)
C:/devkitPro/libnx/lib\libnx.a(utf8_to_utf16.o)
                              C:/devkitPro/libnx/lib\libnx.a(swkbd.o) (utf8_to_utf16)
C:/devkitPro/libnx/lib\libnx.a(cache.o)
                              C:/devkitPro/libnx/lib\libnx.a(framebuffer.o) (armDCacheFlush)
C:/devkitPro/libnx/lib\libnx.a(svc.o)
                              functions.o (svcSetHeapSize)
C:/devkitPro/libnx/lib\libnx.a(switch_crt0.o)
                              (_start)
C:/devkitPro/libnx/lib\libnx.a(detect.o)
                              C:/devkitPro/libnx/lib\libnx.a(applet.o) (kernelAbove200)
C:/devkitPro/libnx/lib\libnx.a(shmem.o)
                              C:/devkitPro/libnx/lib\libnx.a(hid.o) (shmemLoadRemote)
C:/devkitPro/libnx/lib\libnx.a(wait.o)
                              C:/devkitPro/libnx/lib\libnx.a(applet.o) (waitObjects)
C:/devkitPro/libnx/lib\libnx.a(rwlock.o)
                              C:/devkitPro/libnx/lib\libnx.a(hid.o) (rwlockReadLock)
C:/devkitPro/libnx/lib\libnx.a(tmem.o)
                              C:/devkitPro/libnx/lib\libnx.a(applet.o) (tmemCreate)
C:/devkitPro/libnx/lib\libnx.a(mutex.o)
                              C:/devkitPro/libnx/lib\libnx.a(native_window.o) (mutexLock)
C:/devkitPro/libnx/lib\libnx.a(virtmem.o)
                              C:/devkitPro/libnx/lib\libnx.a(shmem.o) (virtmemReserve)
C:/devkitPro/libnx/lib\libnx.a(event.o)
                              C:/devkitPro/libnx/lib\libnx.a(applet.o) (eventLoadRemote)
C:/devkitPro/libnx/lib\libnx.a(nv.o)
                              C:/devkitPro/libnx/lib\libnx.a(framebuffer.o) (nvExit)
C:/devkitPro/libnx/lib\libnx.a(vi.o)
                              C:/devkitPro/libnx/lib\libnx.a(default_window.o) (viExit)
C:/devkitPro/libnx/lib\libnx.a(fence.o)
                              C:/devkitPro/libnx/lib\libnx.a(framebuffer.o) (nvFenceInit)
C:/devkitPro/libnx/lib\libnx.a(map.o)
                              C:/devkitPro/libnx/lib\libnx.a(framebuffer.o) (nvMapInit)
C:/devkitPro/libnx/lib\libnx.a(nvhost-ctrl.o)
                              C:/devkitPro/libnx/lib\libnx.a(fence.o) (nvioctlNvhostCtrl_EventSignal)
C:/devkitPro/libnx/lib\libnx.a(nvmap.o)
                              C:/devkitPro/libnx/lib\libnx.a(map.o) (nvioctlNvmap_Create)
C:/devkitPro/libnx/lib\libnx.a(buffer_producer.o)
                              C:/devkitPro/libnx/lib\libnx.a(native_window.o) (bqRequestBuffer)
C:/devkitPro/libnx/lib\libnx.a(binder.o)
                              C:/devkitPro/libnx/lib\libnx.a(native_window.o) (binderCreate)
C:/devkitPro/libnx/lib\libnx.a(parcel.o)
                              C:/devkitPro/libnx/lib\libnx.a(buffer_producer.o) (parcelCreate)
C:/devkitPro/libnx/lib\libnx.a(libapplet.o)
                              C:/devkitPro/libnx/lib\libnx.a(swkbd.o) (libappletArgsCreate)
C:/devkitPro/libnx/lib\libnx.a(dynamic.o)
                              C:/devkitPro/libnx/lib\libnx.a(switch_crt0.o) (__nx_dynamic)
C:/devkitPro/libnx/lib\libnx.a(init.o)
                              C:/devkitPro/libnx/lib\libnx.a(switch_crt0.o) (__libnx_init)
C:/devkitPro/libnx/lib\libnx.a(newlib.o)
                              C:/devkitPro/libnx/lib\libnx.a(init.o) (__libnx_init_time)
C:/devkitPro/libnx/lib\libnx.a(argv.o)
                              C:/devkitPro/libnx/lib\libnx.a(init.o) (argvSetup)
C:/devkitPro/libnx/lib\libnx.a(fs_dev.o)
                              C:/devkitPro/libnx/lib\libnx.a(init.o) (fsdevMountSdmc)
C:/devkitPro/libnx/lib\libnx.a(encode_utf16.o)
[...]
Memory Configuration

Name             Origin             Length             Attributes
*default*        0x0000000000000000 0xffffffffffffffff

Linker script and memory map

                0x0000000000000000                PROVIDE (__start__ = 0x0)
                0x0000000000000000                . = __start__

.crt0           0x0000000000000000      0x150
 *(.crt0)
 .crt0          0x0000000000000000      0x14c C:/devkitPro/libnx/lib\libnx.a(switch_crt0.o)
                0x0000000000000000                _start
                0x0000000000000120                __nx_exit
                0x0000000000000130                __nx_mod0
                0x0000000000000150                . = ALIGN (0x8)
 *fill*         0x000000000000014c        0x4 

.init           0x0000000000000150       0x38
 *(.init)
 .init          0x0000000000000150       0x18 c:/devkitpro/devkita64/bin/../lib/gcc/aarch64-none-elf/8.2.0/pic/crti.o
                0x0000000000000150                _init
 .init          0x0000000000000168       0x1c c:/devkitpro/devkita64/bin/../lib/gcc/aarch64-none-elf/8.2.0/pic/crtn.o
                0x0000000000000188                . = ALIGN (0x8)
 *fill*         0x0000000000000184        0x4 

.plt            0x0000000000000188        0x0
 *(.plt)
 .plt           0x0000000000000188        0x0 c:/devkitpro/devkita64/bin/../lib/gcc/aarch64-none-elf/8.2.0/pic/crti.o
 *(.iplt)
                0x0000000000000188                . = ALIGN (0x8)

.text           0x00000000000001c0    0x15c80
 *(.text.unlikely .text.*_unlikely .text.unlikely.*)
 *(.text.exit .text.exit.*)
 .text.exit     0x00000000000001c0       0x38 c:/devkitpro/devkita64/bin/../lib/gcc/aarch64-none-elf/8.2.0/../../../../aarch64-none-elf/lib/pic\libg.a(lib_a-exit.o)
                0x00000000000001c0                exit
 *(.text.startup .text.startup.*)
 *fill*         0x00000000000001f8        0x8 
 .text.startup.main
                0x0000000000000200       0x90 main.o
                0x0000000000000200                main
 *(.text.hot .text.hot.*)
 *(.text .stub .text.* .gnu.linkonce.t.*)
 .text.deregister_tm_clones
                0x0000000000000290       0x2c c:/devkitpro/devkita64/bin/../lib/gcc/aarch64-none-elf/8.2.0/pic/crtbegin.o
 *fill*         0x00000000000002bc        0x4 
 .text.register_tm_clones
                0x00000000000002c0       0x38 c:/devkitpro/devkita64/bin/../lib/gcc/aarch64-none-elf/8.2.0/pic/crtbegin.o
 .text.__do_global_dtors_aux
                0x00000000000002f8       0x48 c:/devkitpro/devkita64/bin/../lib/gcc/aarch64-none-elf/8.2.0/pic/crtbegin.o
 .text.frame_dummy
                0x0000000000000340       0x34 c:/devkitpro/devkita64/bin/../lib/gcc/aarch64-none-elf/8.2.0/pic/crtbegin.o
 *fill*         0x0000000000000374        0xc 
 .text._Z11clearScreenv
                0x0000000000000380       0x90 functions.o
                0x0000000000000380                clearScreen()
 .text._Z9pickColorv
                0x0000000000000410      0x3d4 functions.o
                0x0000000000000410                pickColor()
 *fill*         0x00000000000007e4        0xc 
 .text._Z11enterRadiusv
                0x00000000000007f0       0xa8 functions.o
                0x00000000000007f0                enterRadius()
 *fill*         0x0000000000000898        0x8 
 .text._Z8tearDropv
                0x00000000000008a0      0x118 functions.o
                0x00000000000008a0                tearDrop()
 *fill*         0x00000000000009b8        0x8 
 .text._Z9takeInputv
                0x00000000000009c0      0x214 functions.o
                0x00000000000009c0                takeInput()
 *fill*         0x0000000000000bd4        0xc 
 .text._Z4drawv
                0x0000000000000be0      0x300 functions.o
                0x0000000000000be0                draw()
 .text._Z11userAppInitv
                0x0000000000000ee0       0x20 functions.o
                0x0000000000000ee0                userAppInit()
 .text.ipcParse
                0x0000000000000f00      0x22c C:/devkitPro/libnx/lib\libnx.a(applet.o)
 *fill*         0x000000000000112c        0x4 
 .text.ipcCloseObjectById
                0x0000000000001130       0x34 C:/devkitPro/libnx/lib\libnx.a(applet.o)
 *fill*         0x0000000000001164        0xc 
 .text._appletGetSession
                0x0000000000001170      0x1d8 C:/devkitPro/libnx/lib\libnx.a(applet.o)
 *fill*         0x0000000000001348        0x8 
 .text._appletReceiveMessage
                0x0000000000001350      0x19c C:/devkitPro/libnx/lib\libnx.a(applet.o)
 *fill*         0x00000000000014ec        0x4 
 .text._appletGetPerformanceMode.constprop.35
                0x00000000000014f0      0x18c C:/devkitPro/libnx/lib\libnx.a(applet.o)
 *fill*         0x000000000000167c        0x4 
 .text._appletSetOperationModeChangedNotification.constprop.37
                0x0000000000001680      0x164 C:/devkitPro/libnx/lib\libnx.a(applet.o)
 *fill*         0x00000000000017e4        0xc 
 .text._appletSetPerformanceModeChangedNotification.constprop.38
                0x00000000000017f0      0x164 C:/devkitPro/libnx/lib\libnx.a(applet.o)
 *fill*         0x0000000000001954        0xc 
 .text._appletSetOutOfFocusSuspendingEnabled
                0x0000000000001960      0x16c C:/devkitPro/libnx/lib\libnx.a(applet.o)
 *fill*         0x0000000000001acc        0x4 
 .text._appletGetHandle.constprop.33
                0x0000000000001ad0      0x178 C:/devkitPro/libnx/lib\libnx.a(applet.o)
 *fill*         0x0000000000001c48        0x8 
 .text._appletGetEvent.constprop.32
                0x0000000000001c50       0x54 C:/devkitPro/libnx/lib\libnx.a(applet.o)
 *fill*         0x0000000000001ca4        0xc 
 .text._appletWaitLibraryAppletLaunchableEvent
                0x0000000000001cb0       0x50 C:/devkitPro/libnx/lib\libnx.a(applet.o)
 .text._appletSetFocusHandlingMode
                0x0000000000001d00      0x17c C:/devkitPro/libnx/lib\libnx.a(applet.o)
 *fill*         0x0000000000001e7c        0x4 
 .text._appletCmdInSession
                0x0000000000001e80      0x1d8 C:/devkitPro/libnx/lib\libnx.a(applet.o)
 *fill*         0x0000000000002058        0x8 
 .text._appletGetSessionIn64.constprop.30
                0x0000000000002060      0x1c4 C:/devkitPro/libnx/lib\libnx.a(applet.o)
 *fill*         0x0000000000002224        0xc 
 .text._appletGetSessionProxy.constprop.31
                0x0000000000002230      0x1f0 C:/devkitPro/libnx/lib\libnx.a(applet.o)
 .text._appletCreateLibraryApplet
                0x0000000000002420      0x1c4 C:/devkitPro/libnx/lib\libnx.a(applet.o)
 *fill*         0x00000000000025e4        0xc 
 .text._appletCreateTransferMemoryStorage.isra.20
                0x00000000000025f0      0x1e4 C:/devkitPro/libnx/lib\libnx.a(applet.o)
 *fill*         0x00000000000027d4        0xc 
 .text._appletStorageAccessorRW
                0x00000000000027e0      0x3f8 C:/devkitPro/libnx/lib\libnx.a(applet.o)
 *fill*         0x0000000000002bd8        0x8 
 .text.ipcConvertSessionToDomain
                0x0000000000002be0       0xc4 C:/devkitPro/libnx/lib\libnx.a(applet.o)
 *fill*         0x0000000000002ca4        0xc 
 .text.ipcQueryPointerBufferSize
                0x0000000000002cb0       0xc8 C:/devkitPro/libnx/lib\libnx.a(applet.o)
 *fill*         0x0000000000002d78        0x8 
 .text._appletStorageRW
                0x0000000000002d80      0x108 C:/devkitPro/libnx/lib\libnx.a(applet.o)
 *fill*         0x0000000000002e88        0x8 
 .text.ipcCloneSession.constprop.42
                0x0000000000002e90      0x10c C:/devkitPro/libnx/lib\libnx.a(applet.o)
 *fill*         0x0000000000002f9c        0x4 
 .text._appletCmdNoIO
                0x0000000000002fa0      0x384 C:/devkitPro/libnx/lib\libnx.a(applet.o)
 *fill*         0x0000000000003324        0xc 
 .text._appletCmdNoInOut64
                0x0000000000003330      0x394 C:/devkitPro/libnx/lib\libnx.a(applet.o)
 *fill*         0x00000000000036c4        0xc 
 .text._appletGetCurrentFocusState.constprop.36
                0x00000000000036d0      0x3ac C:/devkitPro/libnx/lib\libnx.a(applet.o)
 *fill*         0x0000000000003a7c        0x4 
 .text._appletGetOperationMode.constprop.34
                0x0000000000003a80      0x3ac C:/devkitPro/libnx/lib\libnx.a(applet.o)
 *fill*         0x0000000000003e2c        0x4 
 .text.appletGetAppletType
                0x0000000000003e30       0x10 C:/devkitPro/libnx/lib\libnx.a(applet.o)
                0x0000000000003e30                appletGetAppletType
 .text.appletGetThemeColorType
                0x0000000000003e40        0xc C:/devkitPro/libnx/lib\libnx.a(applet.o)
                0x0000000000003e40                appletGetThemeColorType
 *fill*         0x0000000000003e4c        0x4 
 .text.appletSetFocusHandlingMode
                0x0000000000003e50       0xec C:/devkitPro/libnx/lib\libnx.a(applet.o)
                0x0000000000003e50                appletSetFocusHandlingMode
 *fill*         0x0000000000003f3c        0x4 
 .text.appletGetAppletResourceUserId
                0x0000000000003f40       0x28 C:/devkitPro/libnx/lib\libnx.a(applet.o)
                0x0000000000003f40                appletGetAppletResourceUserId
 *fill*         0x0000000000003f68        0x8 
 .text._appletGetIndirectLayerConsumerHandle
                0x0000000000003f70      0x190 C:/devkitPro/libnx/lib\libnx.a(applet.o)
 .text._appletHolderCreate
                0x0000000000004100       0xbc C:/devkitPro/libnx/lib\libnx.a(applet.o)
 *fill*         0x00000000000041bc        0x4 
 .text.appletNotifyRunning
                0x00000000000041c0      0x1b0 C:/devkitPro/libnx/lib\libnx.a(applet.o)
                0x00000000000041c0                appletNotifyRunning
 .text.appletSetGamePlayRecordingState
                0x0000000000004370      0x1a8 C:/devkitPro/libnx/lib\libnx.a(applet.o)
                0x0000000000004370                appletSetGamePlayRecordingState
 *fill*         0x0000000000004518        0x8 
 .text.appletExit
                0x0000000000004520      0x69c C:/devkitPro/libnx/lib\libnx.a(applet.o)
                0x0000000000004520                appletExit
 *fill*         0x0000000000004bbc        0x4 
 .text.appletInitialize
                0x0000000000004bc0      0x4f0 C:/devkitPro/libnx/lib\libnx.a(applet.o)
                0x0000000000004bc0                appletInitialize
 .text._appletExitProcess
                0x00000000000050b0       0x10 C:/devkitPro/libnx/lib\libnx.a(applet.o)
 .text.appletCreateManagedDisplayLayer
                0x00000000000050c0       0x14 C:/devkitPro/libnx/lib\libnx.a(applet.o)
                0x00000000000050c0                appletCreateManagedDisplayLayer
 *fill*         0x00000000000050d4        0xc 
 .text.appletCreateLibraryApplet
                0x00000000000050e0        0x8 C:/devkitPro/libnx/lib\libnx.a(applet.o)
                0x00000000000050e0                appletCreateLibraryApplet
 *fill*         0x00000000000050e8        0x8 
 .text.appletHolderClose
                0x00000000000050f0       0x94 C:/devkitPro/libnx/lib\libnx.a(applet.o)
                0x00000000000050f0                appletHolderClose
 *fill*         0x0000000000005184        0xc 
 .text.appletHolderStart
                0x0000000000005190       0x50 C:/devkitPro/libnx/lib\libnx.a(applet.o)
                0x0000000000005190                appletHolderStart
 .text.appletHolderJoin
                0x00000000000051e0       0x84 C:/devkitPro/libnx/lib\libnx.a(applet.o)
                0x00000000000051e0                appletHolderJoin
 *fill*         0x0000000000005264        0xc 
 .text.appletHolderGetExitReason
                0x0000000000005270        0x8 C:/devkitPro/libnx/lib\libnx.a(applet.o)
                0x0000000000005270                appletHolderGetExitReason
 *fill*         0x0000000000005278        0x8 
 .text.appletHolderWaitInteractiveOut
                0x0000000000005280       0x88 C:/devkitPro/libnx/lib\libnx.a(applet.o)
                0x0000000000005280                appletHolderWaitInteractiveOut
 *fill*         0x0000000000005308        0x8 
 .text.appletHolderPopOutData
                0x0000000000005310       0x18 C:/devkitPro/libnx/lib\libnx.a(applet.o)
                0x0000000000005310                appletHolderPopOutData
 *fill*         0x0000000000005328        0x8 
 .text.appletHolderPopInteractiveOutData
                0x0000000000005330       0x18 C:/devkitPro/libnx/lib\libnx.a(applet.o)
                0x0000000000005330                appletHolderPopInteractiveOutData
 *fill*         0x0000000000005348        0x8 
 .text.appletCreateStorage
                0x0000000000005350       0x14 C:/devkitPro/libnx/lib\libnx.a(applet.o)
                0x0000000000005350                appletCreateStorage
 *fill*         0x0000000000005364        0xc 
 .text.appletCreateTransferMemoryStorage
                0x0000000000005370       0xa8 C:/devkitPro/libnx/lib\libnx.a(applet.o)
                0x0000000000005370                appletCreateTransferMemoryStorage
 *fill*         0x0000000000005418        0x8 
 .text.appletStorageClose
                0x0000000000005420       0x6c C:/devkitPro/libnx/lib\libnx.a(applet.o)
                0x0000000000005420                appletStorageClose
 *fill*         0x000000000000548c        0x4 
 .text.appletHolderPushInteractiveInData
                0x0000000000005490       0x40 C:/devkitPro/libnx/lib\libnx.a(applet.o)
                0x0000000000005490                appletHolderPushInteractiveInData
 .text.appletHolderPushInData
                0x00000000000054d0       0x40 C:/devkitPro/libnx/lib\libnx.a(applet.o)
                0x00000000000054d0                appletHolderPushInData
 .text.appletStorageCloseTmem
                0x0000000000005510        0x8 C:/devkitPro/libnx/lib\libnx.a(applet.o)
                0x0000000000005510                appletStorageCloseTmem
 *fill*         0x0000000000005518        0x8 
 .text.appletStorageWrite
                0x0000000000005520        0x8 C:/devkitPro/libnx/lib\libnx.a(applet.o)
                0x0000000000005520                appletStorageWrite
 *fill*         0x0000000000005528        0x8 
 .text.appletStorageRead
                0x0000000000005530        0x8 C:/devkitPro/libnx/lib\libnx.a(applet.o)
                0x0000000000005530                appletStorageRead
 *fill*         0x0000000000005538        0x8 
 .text.appletMainLoop
                0x0000000000005540      0x17c C:/devkitPro/libnx/lib\libnx.a(applet.o)
                0x0000000000005540                appletMainLoop
 *fill*         0x00000000000056bc        0x4 
 .text.ipcCloseObjectById
                0x00000000000056c0       0x34 C:/devkitPro/libnx/lib\libnx.a(hid.o)
 *fill*         0x00000000000056f4        0xc 
 .text._hidGetSharedMemoryHandle.constprop.10
                0x0000000000005700      0x124 C:/devkitPro/libnx/lib\libnx.a(hid.o)
 *fill*         0x0000000000005824        0xc 
 .text._hidCreateAppletResource.constprop.9
                0x0000000000005830      0x134 C:/devkitPro/libnx/lib\libnx.a(hid.o)
 *fill*         0x0000000000005964        0xc 
 .text._hidCmdWithNoInput
                0x0000000000005970      0x100 C:/devkitPro/libnx/lib\libnx.a(hid.o)
 .text._hidCmdWithInputU32
                0x0000000000005a70      0x10c C:/devkitPro/libnx/lib\libnx.a(hid.o)
 *fill*         0x0000000000005b7c        0x4 
 .text._hidCmdWithInputU64.constprop.11
                0x0000000000005b80      0x108 C:/devkitPro/libnx/lib\libnx.a(hid.o)
 *fill*         0x0000000000005c88        0x8 
 .text.hidReset
                0x0000000000005c90      0x1d0 C:/devkitPro/libnx/lib\libnx.a(hid.o)
                0x0000000000005c90                hidReset
 .text.hidGetSharedmemAddr
                0x0000000000005e60        0xc C:/devkitPro/libnx/lib\libnx.a(hid.o)
                0x0000000000005e60                hidGetSharedmemAddr
 *fill*         0x0000000000005e6c        0x4 
 .text.hidKeysDown
                0x0000000000005e70       0x6c C:/devkitPro/libnx/lib\libnx.a(hid.o)
                0x0000000000005e70                hidKeysDown
 *fill*         0x0000000000005edc        0x4 
 .text.hidTouchCount
                0x0000000000005ee0        0xc C:/devkitPro/libnx/lib\libnx.a(hid.o)
                0x0000000000005ee0                hidTouchCount
 *fill*         0x0000000000005eec        0x4 
 .text.hidScanInput
                0x0000000000005ef0      0x560 C:/devkitPro/libnx/lib\libnx.a(hid.o)
                0x0000000000005ef0                hidScanInput
 .text.hidTouchRead
                0x0000000000006450       0x4c C:/devkitPro/libnx/lib\libnx.a(hid.o)
                0x0000000000006450                hidTouchRead
 *fill*         0x000000000000649c        0x4 
 .text.hidSetSupportedNpadIdType
                0x00000000000064a0      0x198 C:/devkitPro/libnx/lib\libnx.a(hid.o)
                0x00000000000064a0                hidSetSupportedNpadIdType
 *fill*         0x0000000000006638        0x8 
 .text.hidSetSupportedNpadStyleSet
                0x0000000000006640        0xc C:/devkitPro/libnx/lib\libnx.a(hid.o)
                0x0000000000006640                hidSetSupportedNpadStyleSet
 *fill*         0x000000000000664c        0x4 
 .text.hidSetNpadJoyHoldType
                0x0000000000006650        0x8 C:/devkitPro/libnx/lib\libnx.a(hid.o)
                0x0000000000006650                hidSetNpadJoyHoldType
 *fill*         0x0000000000006658        0x8 
 .text.hidSetNpadJoyAssignmentModeDual
                0x0000000000006660        0xc C:/devkitPro/libnx/lib\libnx.a(hid.o)
                0x0000000000006660                hidSetNpadJoyAssignmentModeDual
 *fill*         0x000000000000666c        0x4 
 .text.hidExit  0x0000000000006670      0x12c C:/devkitPro/libnx/lib\libnx.a(hid.o)
                0x0000000000006670                hidExit
 *fill*         0x000000000000679c        0x4 
 .text.hidInitialize
                0x00000000000067a0      0x168 C:/devkitPro/libnx/lib\libnx.a(hid.o)
                0x00000000000067a0                hidInitialize
 *fill*         0x0000000000006908        0x8 
 .text.ipcCloseObjectById
                0x0000000000006910       0x34 C:/devkitPro/libnx/lib\libnx.a(apm.o)
 *fill*         0x0000000000006944        0xc 
 .text._apmGetSession.constprop.4
                0x0000000000006950      0x124 C:/devkitPro/libnx/lib\libnx.a(apm.o)
 *fill*         0x0000000000006a74        0xc 
 .text.apmExit  0x0000000000006a80       0xf0 C:/devkitPro/libnx/lib\libnx.a(apm.o)
                0x0000000000006a80                apmExit
 .text.apmInitialize
                0x0000000000006b70       0x8c C:/devkitPro/libnx/lib\libnx.a(apm.o)
                0x0000000000006b70                apmInitialize
 *fill*         0x0000000000006bfc        0x4 
 .text.apmSetPerformanceConfiguration
                0x0000000000006c00       0xcc C:/devkitPro/libnx/lib\libnx.a(apm.o)
                0x0000000000006c00                apmSetPerformanceConfiguration
 *fill*         0x0000000000006ccc        0x4 
 .text._fatalImpl
                0x0000000000006cd0      0x140 C:/devkitPro/libnx/lib\libnx.a(fatal.o)
 .text.fatalWithType
                0x0000000000006e10       0x14 C:/devkitPro/libnx/lib\libnx.a(fatal.o)
                0x0000000000006e10                fatalWithType
 *fill*         0x0000000000006e24        0xc 
 .text.fatalSimple
                0x0000000000006e30       0x14 C:/devkitPro/libnx/lib\libnx.a(fatal.o)
                0x0000000000006e30                fatalSimple
 *fill*         0x0000000000006e44        0xc 
 .text.smAddOverrideHandle
                0x0000000000006e50       0x44 C:/devkitPro/libnx/lib\libnx.a(sm.o)
                0x0000000000006e50                smAddOverrideHandle
 *fill*         0x0000000000006e94        0xc 
 .text.smGetServiceOverride
                0x0000000000006ea0       0x60 C:/devkitPro/libnx/lib\libnx.a(sm.o)
                0x0000000000006ea0                smGetServiceOverride
 .text.smHasInitialized
                0x0000000000006f00       0x14 C:/devkitPro/libnx/lib\libnx.a(sm.o)
                0x0000000000006f00                smHasInitialized
 *fill*         0x0000000000006f14        0xc 
 .text.smExit   0x0000000000006f20       0x5c C:/devkitPro/libnx/lib\libnx.a(sm.o)
                0x0000000000006f20                smExit
 *fill*         0x0000000000006f7c        0x4 
 .text.smEncodeName
                0x0000000000006f80       0x38 C:/devkitPro/libnx/lib\libnx.a(sm.o)
                0x0000000000006f80                smEncodeName
 *fill*         0x0000000000006fb8        0x8 
 .text.smGetServiceOriginal
                0x0000000000006fc0      0x12c C:/devkitPro/libnx/lib\libnx.a(sm.o)
                0x0000000000006fc0                smGetServiceOriginal
 *fill*         0x00000000000070ec        0x4 
 .text.smInitialize
                0x00000000000070f0      0x158 C:/devkitPro/libnx/lib\libnx.a(sm.o)
                0x00000000000070f0                smInitialize
 *fill*         0x0000000000007248        0x8 
 .text.smGetService
                0x0000000000007250       0x74 C:/devkitPro/libnx/lib\libnx.a(sm.o)
                0x0000000000007250                smGetService
 *fill*         0x00000000000072c4        0xc 
 .text.framebufferMakeLinear
                0x00000000000072d0       0x80 C:/devkitPro/libnx/lib\libnx.a(framebuffer.o)
                0x00000000000072d0                framebufferMakeLinear
 .text.framebufferClose
                0x0000000000007350       0x78 C:/devkitPro/libnx/lib\libnx.a(framebuffer.o)
                0x0000000000007350                framebufferClose
 *fill*         0x00000000000073c8        0x8 
 .text.framebufferCreate
                0x00000000000073d0      0x298 C:/devkitPro/libnx/lib\libnx.a(framebuffer.o)
                0x00000000000073d0                framebufferCreate
 *fill*         0x0000000000007668        0x8 
 .text.framebufferBegin
                0x0000000000007670       0x80 C:/devkitPro/libnx/lib\libnx.a(framebuffer.o)
                0x0000000000007670                framebufferBegin
 .text.framebufferEnd
                0x00000000000076f0      0x17c C:/devkitPro/libnx/lib\libnx.a(framebuffer.o)
                0x00000000000076f0                framebufferEnd
 *fill*         0x000000000000786c        0x4 
 .text.nwindowGetDefault
                0x0000000000007870        0xc C:/devkitPro/libnx/lib\libnx.a(default_window.o)
                0x0000000000007870                nwindowGetDefault
 *fill*         0x000000000000787c        0x4 
 .text.__nx_win_init
                0x0000000000007880       0xb8 C:/devkitPro/libnx/lib\libnx.a(default_window.o)
                0x0000000000007880                __nx_win_init
 *fill*         0x0000000000007938        0x8 
 .text.__nx_win_exit
                0x0000000000007940       0x34 C:/devkitPro/libnx/lib\libnx.a(default_window.o)
                0x0000000000007940                __nx_win_exit
 *fill*         0x0000000000007974        0xc 
 .text._nwindowConnect
                0x0000000000007980       0x54 C:/devkitPro/libnx/lib\libnx.a(native_window.o)
 *fill*         0x00000000000079d4        0xc 
 .text._nwindowDisconnect
                0x00000000000079e0       0x40 C:/devkitPro/libnx/lib\libnx.a(native_window.o)
 .text.nwindowIsValid
                0x0000000000007a20       0x24 C:/devkitPro/libnx/lib\libnx.a(native_window.o)
                0x0000000000007a20                nwindowIsValid
 *fill*         0x0000000000007a44        0xc 
 .text.nwindowClose
                0x0000000000007a50       0x6c C:/devkitPro/libnx/lib\libnx.a(native_window.o)
                0x0000000000007a50                nwindowClose
 *fill*         0x0000000000007abc        0x4 
 .text.nwindowCreate
                0x0000000000007ac0       0xc4 C:/devkitPro/libnx/lib\libnx.a(native_window.o)
                0x0000000000007ac0                nwindowCreate
 *fill*         0x0000000000007b84        0xc 
 .text.nwindowCreateFromLayer
                0x0000000000007b90        0xc C:/devkitPro/libnx/lib\libnx.a(native_window.o)
                0x0000000000007b90                nwindowCreateFromLayer
 *fill*         0x0000000000007b9c        0x4 
 .text.nwindowConfigureBuffer
                0x0000000000007ba0      0x154 C:/devkitPro/libnx/lib\libnx.a(native_window.o)
                0x0000000000007ba0                nwindowConfigureBuffer
 *fill*         0x0000000000007cf4        0xc 
 .text.nwindowDequeueBuffer
                0x0000000000007d00      0x1e4 C:/devkitPro/libnx/lib\libnx.a(native_window.o)
                0x0000000000007d00                nwindowDequeueBuffer
 *fill*         0x0000000000007ee4        0xc 
 .text.nwindowQueueBuffer
                0x0000000000007ef0      0x144 C:/devkitPro/libnx/lib\libnx.a(native_window.o)
                0x0000000000007ef0                nwindowQueueBuffer
 *fill*         0x0000000000008034        0xc 
 .text.nwindowReleaseBuffers
                0x0000000000008040       0xac C:/devkitPro/libnx/lib\libnx.a(native_window.o)
                0x0000000000008040                nwindowReleaseBuffers
 *fill*         0x00000000000080ec        0x4 
 .text._swkbdConfigClear
                0x00000000000080f0       0x30 C:/devkitPro/libnx/lib\libnx.a(swkbd.o)
 .text._swkbdConvertToUTF16.part.0
                0x0000000000008120       0x48 C:/devkitPro/libnx/lib\libnx.a(swkbd.o)
 *fill*         0x0000000000008168        0x8 
 .text.swkbdCreate
                0x0000000000008170      0x110 C:/devkitPro/libnx/lib\libnx.a(swkbd.o)
                0x0000000000008170                swkbdCreate
 .text.swkbdClose
                0x0000000000008280       0x30 C:/devkitPro/libnx/lib\libnx.a(swkbd.o)
                0x0000000000008280                swkbdClose
 .text.swkbdConfigMakePresetDefault
                0x00000000000082b0       0x54 C:/devkitPro/libnx/lib\libnx.a(swkbd.o)
                0x00000000000082b0                swkbdConfigMakePresetDefault
 *fill*         0x0000000000008304        0xc 
 .text.swkbdConfigSetHeaderText
                0x0000000000008310       0x18 C:/devkitPro/libnx/lib\libnx.a(swkbd.o)
                0x0000000000008310                swkbdConfigSetHeaderText
 *fill*         0x0000000000008328        0x8 
 .text.swkbdShow
                0x0000000000008330      0x390 C:/devkitPro/libnx/lib\libnx.a(swkbd.o)
                0x0000000000008330                swkbdShow
 .text.envSetup
                0x00000000000086c0      0x208 C:/devkitPro/libnx/lib\libnx.a(env.o)
                0x00000000000086c0                envSetup
 *fill*         0x00000000000088c8        0x8 
 .text.envGetMainThreadHandle
                0x00000000000088d0       0x20 C:/devkitPro/libnx/lib\libnx.a(env.o)
                0x00000000000088d0                envGetMainThreadHandle
 .text.envIsNso
                0x00000000000088f0        0xc C:/devkitPro/libnx/lib\libnx.a(env.o)
                0x00000000000088f0                envIsNso
 *fill*         0x00000000000088fc        0x4 
 .text.envHasHeapOverride
                0x0000000000008900       0x14 C:/devkitPro/libnx/lib\libnx.a(env.o)
                0x0000000000008900                envHasHeapOverride
 *fill*         0x0000000000008914        0xc 
 .text.envGetHeapOverrideAddr
                0x0000000000008920        0xc C:/devkitPro/libnx/lib\libnx.a(env.o)
                0x0000000000008920                envGetHeapOverrideAddr
 *fill*         0x000000000000892c        0x4 
 .text.envGetHeapOverrideSize
                0x0000000000008930        0xc C:/devkitPro/libnx/lib\libnx.a(env.o)
                0x0000000000008930                envGetHeapOverrideSize
 *fill*         0x000000000000893c        0x4 
 .text.envHasArgv
                0x0000000000008940       0x14 C:/devkitPro/libnx/lib\libnx.a(env.o)
                0x0000000000008940                envHasArgv
 *fill*         0x0000000000008954        0xc 
 .text.envGetArgv
                0x0000000000008960        0xc C:/devkitPro/libnx/lib\libnx.a(env.o)
                0x0000000000008960                envGetArgv
 *fill*         0x000000000000896c        0x4 
 .text.envGetExitFuncPtr
                0x0000000000008970        0xc C:/devkitPro/libnx/lib\libnx.a(env.o)
                0x0000000000008970                envGetExitFuncPtr
 *fill*         0x000000000000897c        0x4 
 .text.envSetExitFuncPtr
                0x0000000000008980        0xc C:/devkitPro/libnx/lib\libnx.a(env.o)
                0x0000000000008980                envSetExitFuncPtr
 *fill*         0x000000000000898c        0x4 
 .text.utf16_to_utf8
                0x0000000000008990      0x138 C:/devkitPro/libnx/lib\libnx.a(utf16_to_utf8.o)
                0x0000000000008990                utf16_to_utf8
 *fill*         0x0000000000008ac8        0x8 
 .text.decode_utf16
                0x0000000000008ad0       0x64 C:/devkitPro/libnx/lib\libnx.a(decode_utf16.o)
                0x0000000000008ad0                decode_utf16
 *fill*         0x0000000000008b34        0xc 
 .text.utf8_to_utf16
                0x0000000000008b40      0x10c C:/devkitPro/libnx/lib\libnx.a(utf8_to_utf16.o)
                0x0000000000008b40                utf8_to_utf16
 .text.armDCacheFlush
                0x0000000000008c4c       0x3c C:/devkitPro/libnx/lib\libnx.a(cache.o)
                0x0000000000008c4c                armDCacheFlush
 .text.svcSetHeapSize
                0x0000000000008c88       0x14 C:/devkitPro/libnx/lib\libnx.a(svc.o)
                0x0000000000008c88                svcSetHeapSize
 .text.svcSetMemoryAttribute
                0x0000000000008c9c        0x8 C:/devkitPro/libnx/lib\libnx.a(svc.o)
                0x0000000000008c9c                svcSetMemoryAttribute
 .text.svcUnmapMemory
                0x0000000000008ca4        0x8 C:/devkitPro/libnx/lib\libnx.a(svc.o)
                0x0000000000008ca4                svcUnmapMemory
 .text.svcQueryMemory
                0x0000000000008cac       0x14 C:/devkitPro/libnx/lib\libnx.a(svc.o)
                0x0000000000008cac                svcQueryMemory
 .text.svcExitProcess
                0x0000000000008cc0        0x8 C:/devkitPro/libnx/lib\libnx.a(svc.o)
                0x0000000000008cc0                svcExitProcess
 .text.svcSleepThread
                0x0000000000008cc8        0x8 C:/devkitPro/libnx/lib\libnx.a(svc.o)
                0x0000000000008cc8                svcSleepThread
 .text.svcMapSharedMemory
                0x0000000000008cd0        0x8 C:/devkitPro/libnx/lib\libnx.a(svc.o)
                0x0000000000008cd0                svcMapSharedMemory
 .text.svcUnmapSharedMemory
                0x0000000000008cd8        0x8 C:/devkitPro/libnx/lib\libnx.a(svc.o)
                0x0000000000008cd8                svcUnmapSharedMemory
 .text.svcCreateTransferMemory
                0x0000000000008ce0       0x14 C:/devkitPro/libnx/lib\libnx.a(svc.o)
                0x0000000000008ce0                svcCreateTransferMemory
 .text.svcCloseHandle
                0x0000000000008cf4        0x8 C:/devkitPro/libnx/lib\libnx.a(svc.o)
                0x0000000000008cf4                svcCloseHandle
 .text.svcResetSignal
                0x0000000000008cfc        0x8 C:/devkitPro/libnx/lib\libnx.a(svc.o)
                0x0000000000008cfc                svcResetSignal
 .text.svcWaitSynchronization
                0x0000000000008d04       0x14 C:/devkitPro/libnx/lib\libnx.a(svc.o)
                0x0000000000008d04                svcWaitSynchronization
 .text.svcArbitrateLock
                0x0000000000008d18        0x8 C:/devkitPro/libnx/lib\libnx.a(svc.o)
                0x0000000000008d18                svcArbitrateLock
 .text.svcArbitrateUnlock
                0x0000000000008d20        0x8 C:/devkitPro/libnx/lib\libnx.a(svc.o)
                0x0000000000008d20                svcArbitrateUnlock
 .text.svcConnectToNamedPort
                0x0000000000008d28       0x14 C:/devkitPro/libnx/lib\libnx.a(svc.o)
                0x0000000000008d28                svcConnectToNamedPort
 .text.svcSendSyncRequest
                0x0000000000008d3c        0x8 C:/devkitPro/libnx/lib\libnx.a(svc.o)
                0x0000000000008d3c                svcSendSyncRequest
 .text.svcBreak
                0x0000000000008d44        0x8 C:/devkitPro/libnx/lib\libnx.a(svc.o)
                0x0000000000008d44                svcBreak
 .text.svcReturnFromException
                0x0000000000008d4c        0x8 C:/devkitPro/libnx/lib\libnx.a(svc.o)
                0x0000000000008d4c                svcReturnFromException
 .text.svcGetInfo
                0x0000000000008d54       0x14 C:/devkitPro/libnx/lib\libnx.a(svc.o)
                0x0000000000008d54                svcGetInfo
 .text.svcUnmapTransferMemory
                0x0000000000008d68        0x8 C:/devkitPro/libnx/lib\libnx.a(svc.o)
                0x0000000000008d68                svcUnmapTransferMemory
 .text._CacheValues
                0x0000000000008d70      0x180 C:/devkitPro/libnx/lib\libnx.a(detect.o)
 .text.kernelAbove200
                0x0000000000008ef0       0x1c C:/devkitPro/libnx/lib\libnx.a(detect.o)
                0x0000000000008ef0                kernelAbove200
 *fill*         0x0000000000008f0c        0x4 
 .text.kernelAbove300
                0x0000000000008f10       0x1c C:/devkitPro/libnx/lib\libnx.a(detect.o)
                0x0000000000008f10                kernelAbove300
 *fill*         0x0000000000008f2c        0x4 
 .text.kernelAbove400
                0x0000000000008f30       0x1c C:/devkitPro/libnx/lib\libnx.a(detect.o)
                0x0000000000008f30                kernelAbove400
 *fill*         0x0000000000008f4c        0x4 
 .text.kernelAbove500
                0x0000000000008f50       0x1c C:/devkitPro/libnx/lib\libnx.a(detect.o)
                0x0000000000008f50                kernelAbove500
 *fill*         0x0000000000008f6c        0x4 
 .text.detectDebugger
                0x0000000000008f70       0x30 C:/devkitPro/libnx/lib\libnx.a(detect.o)
                0x0000000000008f70                detectDebugger
 .text.shmemLoadRemote
                0x0000000000008fa0       0x14 C:/devkitPro/libnx/lib\libnx.a(shmem.o)
                0x0000000000008fa0                shmemLoadRemote
 *fill*         0x0000000000008fb4        0xc 
 .text.shmemMap
                0x0000000000008fc0       0x84 C:/devkitPro/libnx/lib\libnx.a(shmem.o)
                0x0000000000008fc0                shmemMap
 *fill*         0x0000000000009044        0xc 
 .text.shmemUnmap
                0x0000000000009050       0x58 C:/devkitPro/libnx/lib\libnx.a(shmem.o)
                0x0000000000009050                shmemUnmap
 *fill*         0x00000000000090a8        0x8 
 .text.shmemClose
                0x00000000000090b0       0x44 C:/devkitPro/libnx/lib\libnx.a(shmem.o)
                0x00000000000090b0                shmemClose
 *fill*         0x00000000000090f4        0xc 
 .text._waitLoop
                0x0000000000009100      0x104 C:/devkitPro/libnx/lib\libnx.a(wait.o)
 *fill*         0x0000000000009204        0xc 
 .text._waitObjectsImpl
                0x0000000000009210      0x334 C:/devkitPro/libnx/lib\libnx.a(wait.o)
 *fill*         0x0000000000009544        0xc 
 .text.waitObjects
                0x0000000000009550        0xc C:/devkitPro/libnx/lib\libnx.a(wait.o)
                0x0000000000009550                waitObjects
 *fill*         0x000000000000955c        0x4 
 .text.rwlockReadLock
                0x0000000000009560       0x4c C:/devkitPro/libnx/lib\libnx.a(rwlock.o)
                0x0000000000009560                rwlockReadLock
 *fill*         0x00000000000095ac        0x4 
 .text.rwlockReadUnlock
                0x00000000000095b0       0x4c C:/devkitPro/libnx/lib\libnx.a(rwlock.o)
                0x00000000000095b0                rwlockReadUnlock
 *fill*         0x00000000000095fc        0x4 
 .text.rwlockWriteLock
                0x0000000000009600        0x8 C:/devkitPro/libnx/lib\libnx.a(rwlock.o)
                0x0000000000009600                rwlockWriteLock
 *fill*         0x0000000000009608        0x8 
 .text.rwlockWriteUnlock
                0x0000000000009610        0x8 C:/devkitPro/libnx/lib\libnx.a(rwlock.o)
                0x0000000000009610                rwlockWriteUnlock
 *fill*         0x0000000000009618        0x8 
 .text.tmemCreate
                0x0000000000009620       0xa8 C:/devkitPro/libnx/lib\libnx.a(tmem.o)
                0x0000000000009620                tmemCreate
 *fill*         0x00000000000096c8        0x8 
 .text.tmemCreateFromMemory
                0x00000000000096d0       0x2c C:/devkitPro/libnx/lib\libnx.a(tmem.o)
                0x00000000000096d0                tmemCreateFromMemory
 *fill*         0x00000000000096fc        0x4 
 .text.tmemUnmap
                0x0000000000009700       0x58 C:/devkitPro/libnx/lib\libnx.a(tmem.o)
                0x0000000000009700                tmemUnmap
 *fill*         0x0000000000009758        0x8 
 .text.tmemClose
                0x0000000000009760       0x68 C:/devkitPro/libnx/lib\libnx.a(tmem.o)
                0x0000000000009760                tmemClose
 *fill*         0x00000000000097c8        0x8 
 .text.mutexLock
                0x00000000000097d0       0x8c C:/devkitPro/libnx/lib\libnx.a(mutex.o)
                0x00000000000097d0                mutexLock
 *fill*         0x000000000000985c        0x4 
 .text.mutexUnlock
                0x0000000000009860       0x30 C:/devkitPro/libnx/lib\libnx.a(mutex.o)
                0x0000000000009860                mutexUnlock
 .text.rmutexLock
                0x0000000000009890       0x4c C:/devkitPro/libnx/lib\libnx.a(mutex.o)
                0x0000000000009890                rmutexLock
 *fill*         0x00000000000098dc        0x4 
 .text.rmutexUnlock
                0x00000000000098e0       0x1c C:/devkitPro/libnx/lib\libnx.a(mutex.o)
                0x00000000000098e0                rmutexUnlock
 *fill*         0x00000000000098fc        0x4 
 .text._GetRegionFromInfo.isra.1
                0x0000000000009900       0x7c C:/devkitPro/libnx/lib\libnx.a(virtmem.o)
 *fill*         0x000000000000997c        0x4 
 .text.virtmemSetup
                0x0000000000009980      0x114 C:/devkitPro/libnx/lib\libnx.a(virtmem.o)
                0x0000000000009980                virtmemSetup
 *fill*         0x0000000000009a94        0xc 
 .text.virtmemReserve
                0x0000000000009aa0      0x13c C:/devkitPro/libnx/lib\libnx.a(virtmem.o)
                0x0000000000009aa0                virtmemReserve
 *fill*         0x0000000000009bdc        0x4 
 .text.virtmemFree
                0x0000000000009be0        0x4 C:/devkitPro/libnx/lib\libnx.a(virtmem.o)
                0x0000000000009be0                virtmemFree
 *fill*         0x0000000000009be4        0xc 
 .text.eventLoadRemote
                0x0000000000009bf0        0xc C:/devkitPro/libnx/lib\libnx.a(event.o)
                0x0000000000009bf0                eventLoadRemote
 *fill*         0x0000000000009bfc        0x4 
 .text.eventWait
                0x0000000000009c00       0x38 C:/devkitPro/libnx/lib\libnx.a(event.o)
                0x0000000000009c00                eventWait
 *fill*         0x0000000000009c38        0x8 
 .text.eventClose
                0x0000000000009c40       0x50 C:/devkitPro/libnx/lib\libnx.a(event.o)
                0x0000000000009c40                eventClose
 .text.ipcCloseObjectById
                0x0000000000009c90       0x34 C:/devkitPro/libnx/lib\libnx.a(nv.o)
 *fill*         0x0000000000009cc4        0xc 
 .text.ipcQueryPointerBufferSize.constprop.10
                0x0000000000009cd0       0xc8 C:/devkitPro/libnx/lib\libnx.a(nv.o)
 *fill*         0x0000000000009d98        0x8 
 .text.ipcCloneSession.constprop.9
                0x0000000000009da0      0x10c C:/devkitPro/libnx/lib\libnx.a(nv.o)
 *fill*         0x0000000000009eac        0x4 
 .text._nvSetClientPID
                0x0000000000009eb0       0xd8 C:/devkitPro/libnx/lib\libnx.a(nv.o)
 *fill*         0x0000000000009f88        0x8 
 .text._nvInitialize.constprop.8
                0x0000000000009f90       0xf0 C:/devkitPro/libnx/lib\libnx.a(nv.o)
 .text.nvExit   0x000000000000a080      0x100 C:/devkitPro/libnx/lib\libnx.a(nv.o)
                0x000000000000a080                nvExit
 .text.nvInitialize
                0x000000000000a180      0x184 C:/devkitPro/libnx/lib\libnx.a(nv.o)
                0x000000000000a180                nvInitialize
 *fill*         0x000000000000a304        0xc 
 .text.nvConvertError
                0x000000000000a310      0x12c C:/devkitPro/libnx/lib\libnx.a(nv.o)
                0x000000000000a310                nvConvertError
 *fill*         0x000000000000a43c        0x4 
 .text.nvOpen   0x000000000000a440      0x12c C:/devkitPro/libnx/lib\libnx.a(nv.o)
                0x000000000000a440                nvOpen
 *fill*         0x000000000000a56c        0x4 
 .text.nvIoctl  0x000000000000a570      0x270 C:/devkitPro/libnx/lib\libnx.a(nv.o)
                0x000000000000a570                nvIoctl
 .text.nvClose  0x000000000000a7e0       0xdc C:/devkitPro/libnx/lib\libnx.a(nv.o)
                0x000000000000a7e0                nvClose
 *fill*         0x000000000000a8bc        0x4 
 .text.nvQueryEvent
                0x000000000000a8c0      0x15c C:/devkitPro/libnx/lib\libnx.a(nv.o)
                0x000000000000a8c0                nvQueryEvent
 *fill*         0x000000000000aa1c        0x4 
 .text.ipcCloseObjectById
                0x000000000000aa20       0x34 C:/devkitPro/libnx/lib\libnx.a(vi.o)
 *fill*         0x000000000000aa54        0xc 
 .text._viGetSession.constprop.7
                0x000000000000aa60      0x134 C:/devkitPro/libnx/lib\libnx.a(vi.o)
 *fill*         0x000000000000ab94        0xc 
 .text.viExit   0x000000000000aba0      0x1e4 C:/devkitPro/libnx/lib\libnx.a(vi.o)
                0x000000000000aba0                viExit
 *fill*         0x000000000000ad84        0xc 
 .text.viInitialize
                0x000000000000ad90      0x2d4 C:/devkitPro/libnx/lib\libnx.a(vi.o)
                0x000000000000ad90                viInitialize
 *fill*         0x000000000000b064        0xc 
 .text.viGetSession_IHOSBinderDriverRelay
                0x000000000000b070        0xc C:/devkitPro/libnx/lib\libnx.a(vi.o)
                0x000000000000b070                viGetSession_IHOSBinderDriverRelay
 *fill*         0x000000000000b07c        0x4 
 .text.viOpenDisplay
                0x000000000000b080      0x140 C:/devkitPro/libnx/lib\libnx.a(vi.o)
                0x000000000000b080                viOpenDisplay
 .text.viCloseDisplay
                0x000000000000b1c0      0x104 C:/devkitPro/libnx/lib\libnx.a(vi.o)
                0x000000000000b1c0                viCloseDisplay
 *fill*         0x000000000000b2c4        0xc 
 .text.viCloseLayer
                0x000000000000b2d0      0x104 C:/devkitPro/libnx/lib\libnx.a(vi.o)
                0x000000000000b2d0                viCloseLayer
 *fill*         0x000000000000b3d4        0xc 
 .text.viCreateLayer
                0x000000000000b3e0      0x334 C:/devkitPro/libnx/lib\libnx.a(vi.o)
                0x000000000000b3e0                viCreateLayer
 *fill*         0x000000000000b714        0xc 
 .text.viSetLayerScalingMode
                0x000000000000b720       0xe8 C:/devkitPro/libnx/lib\libnx.a(vi.o)
                0x000000000000b720                viSetLayerScalingMode
 *fill*         0x000000000000b808        0x8 
 .text._nvFenceEventWaitCommon
                0x000000000000b810       0x60 C:/devkitPro/libnx/lib\libnx.a(fence.o)
 .text.nvFenceInit
                0x000000000000b870       0x5c C:/devkitPro/libnx/lib\libnx.a(fence.o)
                0x000000000000b870                nvFenceInit
 *fill*         0x000000000000b8cc        0x4 
 .text.nvFenceExit
                0x000000000000b8d0       0x98 C:/devkitPro/libnx/lib\libnx.a(fence.o)
                0x000000000000b8d0                nvFenceExit
 *fill*         0x000000000000b968        0x8 
 .text.nvFenceWait
                0x000000000000b970      0x1e0 C:/devkitPro/libnx/lib\libnx.a(fence.o)
                0x000000000000b970                nvFenceWait
 .text.nvMultiFenceWait
                0x000000000000bb50       0x7c C:/devkitPro/libnx/lib\libnx.a(fence.o)
                0x000000000000bb50                nvMultiFenceWait
 *fill*         0x000000000000bbcc        0x4 
 .text.nvMapInit
                0x000000000000bbd0       0x6c C:/devkitPro/libnx/lib\libnx.a(map.o)
                0x000000000000bbd0                nvMapInit
 *fill*         0x000000000000bc3c        0x4 
 .text.nvMapExit
                0x000000000000bc40       0x68 C:/devkitPro/libnx/lib\libnx.a(map.o)
                0x000000000000bc40                nvMapExit
 *fill*         0x000000000000bca8        0x8 
 .text.nvMapClose
                0x000000000000bcb0       0x84 C:/devkitPro/libnx/lib\libnx.a(map.o)
                0x000000000000bcb0                nvMapClose
 *fill*         0x000000000000bd34        0xc 
 .text.nvMapCreate
                0x000000000000bd40      0x150 C:/devkitPro/libnx/lib\libnx.a(map.o)
                0x000000000000bd40                nvMapCreate
 .text.nvioctlNvhostCtrl_EventSignal
                0x000000000000be90       0x24 C:/devkitPro/libnx/lib\libnx.a(nvhost-ctrl.o)
                0x000000000000be90                nvioctlNvhostCtrl_EventSignal
 *fill*         0x000000000000beb4        0xc 
 .text.nvioctlNvhostCtrl_EventWait
                0x000000000000bec0       0x3c C:/devkitPro/libnx/lib\libnx.a(nvhost-ctrl.o)
                0x000000000000bec0                nvioctlNvhostCtrl_EventWait
 *fill*         0x000000000000befc        0x4 
 .text.nvioctlNvhostCtrl_EventWaitAsync
                0x000000000000bf00       0x28 C:/devkitPro/libnx/lib\libnx.a(nvhost-ctrl.o)
                0x000000000000bf00                nvioctlNvhostCtrl_EventWaitAsync
 *fill*         0x000000000000bf28        0x8 
 .text.nvioctlNvhostCtrl_EventRegister
                0x000000000000bf30       0x24 C:/devkitPro/libnx/lib\libnx.a(nvhost-ctrl.o)
                0x000000000000bf30                nvioctlNvhostCtrl_EventRegister
 *fill*         0x000000000000bf54        0xc 
 .text.nvioctlNvhostCtrl_EventUnregister
                0x000000000000bf60       0x24 C:/devkitPro/libnx/lib\libnx.a(nvhost-ctrl.o)
                0x000000000000bf60                nvioctlNvhostCtrl_EventUnregister
 *fill*         0x000000000000bf84        0xc 
 .text.nvioctlNvmap_Create
                0x000000000000bf90       0x3c C:/devkitPro/libnx/lib\libnx.a(nvmap.o)
                0x000000000000bf90                nvioctlNvmap_Create
 *fill*         0x000000000000bfcc        0x4 
 .text.nvioctlNvmap_Alloc
                0x000000000000bfd0       0x30 C:/devkitPro/libnx/lib\libnx.a(nvmap.o)
                0x000000000000bfd0                nvioctlNvmap_Alloc
 .text.nvioctlNvmap_Free
                0x000000000000c000       0x30 C:/devkitPro/libnx/lib\libnx.a(nvmap.o)
                0x000000000000c000                nvioctlNvmap_Free
 .text.nvioctlNvmap_GetId
                0x000000000000c030       0x3c C:/devkitPro/libnx/lib\libnx.a(nvmap.o)
                0x000000000000c030                nvioctlNvmap_GetId
 *fill*         0x000000000000c06c        0x4 
 .text.bqRequestBuffer
                0x000000000000c070       0xe8 C:/devkitPro/libnx/lib\libnx.a(buffer_producer.o)
                0x000000000000c070                bqRequestBuffer
 *fill*         0x000000000000c158        0x8 
 .text.bqDequeueBuffer
                0x000000000000c160      0x154 C:/devkitPro/libnx/lib\libnx.a(buffer_producer.o)
                0x000000000000c160                bqDequeueBuffer
 *fill*         0x000000000000c2b4        0xc 
 .text.bqDetachBuffer
                0x000000000000c2c0       0x9c C:/devkitPro/libnx/lib\libnx.a(buffer_producer.o)
                0x000000000000c2c0                bqDetachBuffer
 *fill*         0x000000000000c35c        0x4 
 .text.bqQueueBuffer
                0x000000000000c360       0xe0 C:/devkitPro/libnx/lib\libnx.a(buffer_producer.o)
                0x000000000000c360                bqQueueBuffer
 .text.bqCancelBuffer
                0x000000000000c440       0x90 C:/devkitPro/libnx/lib\libnx.a(buffer_producer.o)
                0x000000000000c440                bqCancelBuffer
 .text.bqConnect
                0x000000000000c4d0       0xe4 C:/devkitPro/libnx/lib\libnx.a(buffer_producer.o)
                0x000000000000c4d0                bqConnect
 *fill*         0x000000000000c5b4        0xc 
 .text.bqDisconnect
                0x000000000000c5c0       0x9c C:/devkitPro/libnx/lib\libnx.a(buffer_producer.o)
                0x000000000000c5c0                bqDisconnect
 *fill*         0x000000000000c65c        0x4 
 .text.bqSetPreallocatedBuffer
                0x000000000000c660      0x178 C:/devkitPro/libnx/lib\libnx.a(buffer_producer.o)
                0x000000000000c660                bqSetPreallocatedBuffer
 *fill*         0x000000000000c7d8        0x8 
 .text._binderTransactParcelAuto
                0x000000000000c7e0      0x248 C:/devkitPro/libnx/lib\libnx.a(binder.o)
 *fill*         0x000000000000ca28        0x8 
 .text.ipcQueryPointerBufferSize
                0x000000000000ca30       0xc8 C:/devkitPro/libnx/lib\libnx.a(binder.o)
 *fill*         0x000000000000caf8        0x8 
 .text._binderTransactParcel
                0x000000000000cb00      0x138 C:/devkitPro/libnx/lib\libnx.a(binder.o)
 *fill*         0x000000000000cc38        0x8 
 .text.binderCreate
                0x000000000000cc40       0x14 C:/devkitPro/libnx/lib\libnx.a(binder.o)
                0x000000000000cc40                binderCreate
 *fill*         0x000000000000cc54        0xc 
 .text.binderTransactParcel
                0x000000000000cc60       0x10 C:/devkitPro/libnx/lib\libnx.a(binder.o)
                0x000000000000cc60                binderTransactParcel
 .text.binderConvertErrorCode
                0x000000000000cc70      0x124 C:/devkitPro/libnx/lib\libnx.a(binder.o)
                0x000000000000cc70                binderConvertErrorCode
 *fill*         0x000000000000cd94        0xc 
 .text.binderAdjustRefcount
                0x000000000000cda0       0xe8 C:/devkitPro/libnx/lib\libnx.a(binder.o)
                0x000000000000cda0                binderAdjustRefcount
 *fill*         0x000000000000ce88        0x8 
 .text.binderClose
                0x000000000000ce90       0x74 C:/devkitPro/libnx/lib\libnx.a(binder.o)
                0x000000000000ce90                binderClose
 *fill*         0x000000000000cf04        0xc 
 .text.binderInitSession
                0x000000000000cf10       0xc4 C:/devkitPro/libnx/lib\libnx.a(binder.o)
                0x000000000000cf10                binderInitSession
 *fill*         0x000000000000cfd4        0xc 
 .text.binderGetNativeHandle
                0x000000000000cfe0      0x144 C:/devkitPro/libnx/lib\libnx.a(binder.o)
                0x000000000000cfe0                binderGetNativeHandle
 *fill*         0x000000000000d124        0xc 
 .text.parcelCreate
                0x000000000000d130       0x28 C:/devkitPro/libnx/lib\libnx.a(parcel.o)
                0x000000000000d130                parcelCreate
 *fill*         0x000000000000d158        0x8 
 .text.parcelTransact
                0x000000000000d160      0x19c C:/devkitPro/libnx/lib\libnx.a(parcel.o)
                0x000000000000d160                parcelTransact
 *fill*         0x000000000000d2fc        0x4 
 .text.parcelWriteData
                0x000000000000d300       0x88 C:/devkitPro/libnx/lib\libnx.a(parcel.o)
                0x000000000000d300                parcelWriteData
 *fill*         0x000000000000d388        0x8 
 .text.parcelReadData
                0x000000000000d390       0x98 C:/devkitPro/libnx/lib\libnx.a(parcel.o)
                0x000000000000d390                parcelReadData
 *fill*         0x000000000000d428        0x8 
 .text.parcelWriteInt32
                0x000000000000d430       0x20 C:/devkitPro/libnx/lib\libnx.a(parcel.o)
                0x000000000000d430                parcelWriteInt32
 .text.parcelWriteUInt32
                0x000000000000d450       0x20 C:/devkitPro/libnx/lib\libnx.a(parcel.o)
                0x000000000000d450                parcelWriteUInt32
 .text.parcelWriteString16
                0x000000000000d470       0x80 C:/devkitPro/libnx/lib\libnx.a(parcel.o)
                0x000000000000d470                parcelWriteString16
 .text.parcelWriteInterfaceToken
                0x000000000000d4f0       0x30 C:/devkitPro/libnx/lib\libnx.a(parcel.o)
                0x000000000000d4f0                parcelWriteInterfaceToken
 .text.parcelReadInt32
                0x000000000000d520       0x24 C:/devkitPro/libnx/lib\libnx.a(parcel.o)
                0x000000000000d520                parcelReadInt32
 *fill*         0x000000000000d544        0xc 
 .text.parcelReadFlattenedObject
                0x000000000000d550       0x68 C:/devkitPro/libnx/lib\libnx.a(parcel.o)
                0x000000000000d550                parcelReadFlattenedObject
 *fill*         0x000000000000d5b8        0x8 
 .text.parcelWriteFlattenedObject
                0x000000000000d5c0       0x44 C:/devkitPro/libnx/lib\libnx.a(parcel.o)
                0x000000000000d5c0                parcelWriteFlattenedObject
 *fill*         0x000000000000d604        0xc 
 .text._libappletCreateWriteStorage
                0x000000000000d610       0x6c C:/devkitPro/libnx/lib\libnx.a(libapplet.o)
 *fill*         0x000000000000d67c        0x4 
 .text.libappletArgsCreate
                0x000000000000d680       0x40 C:/devkitPro/libnx/lib\libnx.a(libapplet.o)
                0x000000000000d680                libappletArgsCreate
 .text.libappletArgsPush
                0x000000000000d6c0       0x48 C:/devkitPro/libnx/lib\libnx.a(libapplet.o)
                0x000000000000d6c0                libappletArgsPush
 *fill*         0x000000000000d708        0x8 
 .text.libappletPushInData
                0x000000000000d710       0x38 C:/devkitPro/libnx/lib\libnx.a(libapplet.o)
                0x000000000000d710                libappletPushInData
 *fill*         0x000000000000d748        0x8 
 .text.__nx_dynamic
                0x000000000000d750       0xa0 C:/devkitPro/libnx/lib\libnx.a(dynamic.o)
                0x000000000000d750                __nx_dynamic
 .text.__libnx_initheap
                0x000000000000d7f0       0xd8 C:/devkitPro/libnx/lib\libnx.a(init.o)
                0x000000000000d7f0                __libnx_initheap
 *fill*         0x000000000000d8c8        0x8 
 .text.__appInit
                0x000000000000d8d0       0xa0 C:/devkitPro/libnx/lib\libnx.a(init.o)
                0x000000000000d8d0                __appInit
 .text.__appExit
                0x000000000000d970       0x44 C:/devkitPro/libnx/lib\libnx.a(init.o)
                0x000000000000d970                __appExit
 *fill*         0x000000000000d9b4        0xc 
 .text.__libnx_init
                0x000000000000d9c0       0x28 C:/devkitPro/libnx/lib\libnx.a(init.o)
                0x000000000000d9c0                __libnx_init
 *fill*         0x000000000000d9e8        0x8 
 .text.__libnx_exit
                0x000000000000d9f0       0x20 C:/devkitPro/libnx/lib\libnx.a(init.o)
                0x000000000000d9f0                __libnx_exit
 .text.mutexInit
                0x000000000000da10        0x8 C:/devkitPro/libnx/lib\libnx.a(newlib.o)
 *fill*         0x000000000000da18        0x8 
 .text.rmutexInit
                0x000000000000da20        0xc C:/devkitPro/libnx/lib\libnx.a(newlib.o)
 *fill*         0x000000000000da2c        0x4 
 .text.__libnx_gtod
                0x000000000000da30       0x8c C:/devkitPro/libnx/lib\libnx.a(newlib.o)
                0x000000000000da30                __libnx_gtod
 *fill*         0x000000000000dabc        0x4 
 .text.__libnx_clock_settime
                0x000000000000dac0       0x20 C:/devkitPro/libnx/lib\libnx.a(newlib.o)
                0x000000000000dac0                __libnx_clock_settime
 .text.__libnx_nanosleep
                0x000000000000dae0       0x28 C:/devkitPro/libnx/lib\libnx.a(newlib.o)
                0x000000000000dae0                __libnx_nanosleep
 *fill*         0x000000000000db08        0x8 
 .text.__libnx_get_reent
                0x000000000000db10       0x34 C:/devkitPro/libnx/lib\libnx.a(newlib.o)
 *fill*         0x000000000000db44        0xc 
 .text.__libnx_clock_gettime
                0x000000000000db50       0xf8 C:/devkitPro/libnx/lib\libnx.a(newlib.o)
                0x000000000000db50                __libnx_clock_gettime
 *fill*         0x000000000000dc48        0x8 
 .text.__libnx_clock_getres
                0x000000000000dc50       0x58 C:/devkitPro/libnx/lib\libnx.a(newlib.o)
                0x000000000000dc50                __libnx_clock_getres
 *fill*         0x000000000000dca8        0x8 
 .text.__libnx_init_time
                0x000000000000dcb0      0x27c C:/devkitPro/libnx/lib\libnx.a(newlib.o)
                0x000000000000dcb0                __libnx_init_time
 *fill*         0x000000000000df2c        0x4 
 .text.newlibSetup
                0x000000000000df30      0x118 C:/devkitPro/libnx/lib\libnx.a(newlib.o)
                0x000000000000df30                newlibSetup
 *fill*         0x000000000000e048        0x8 
 .text.argvSetup
                0x000000000000e050      0x368 C:/devkitPro/libnx/lib\libnx.a(argv.o)
                0x000000000000e050                argvSetup
 *fill*         0x000000000000e3b8        0x8 
 .text.fsdev_link
                0x000000000000e3c0       0x10 C:/devkitPro/libnx/lib\libnx.a(fs_dev.o)
 .text.fsdev_dirreset
                0x000000000000e3d0       0x10 C:/devkitPro/libnx/lib\libnx.a(fs_dev.o)
 .text.fsdev_chmod
                0x000000000000e3e0       0x10 C:/devkitPro/libnx/lib\libnx.a(fs_dev.o)
 .text.error_cmp
                0x000000000000e3f0       0x1c C:/devkitPro/libnx/lib\libnx.a(fs_dev.o)
 *fill*         0x000000000000e40c        0x4 
 .text.fsdev_translate_error
                0x000000000000e410       0x58 C:/devkitPro/libnx/lib\libnx.a(fs_dev.o)
 *fill*         0x000000000000e468        0x8 
 .text.fsdev_fsync
                0x000000000000e470       0x40 C:/devkitPro/libnx/lib\libnx.a(fs_dev.o)
 .text.fsdev_ftruncate
                0x000000000000e4b0       0x60 C:/devkitPro/libnx/lib\libnx.a(fs_dev.o)
 .text.fsdev_dirclose
                0x000000000000e510       0x20 C:/devkitPro/libnx/lib\libnx.a(fs_dev.o)
 .text.fsdev_dirnext
                0x000000000000e530      0x16c C:/devkitPro/libnx/lib\libnx.a(fs_dev.o)
 *fill*         0x000000000000e69c        0x4 
 .text.fsdev_close
                0x000000000000e6a0       0x1c C:/devkitPro/libnx/lib\libnx.a(fs_dev.o)
 *fill*         0x000000000000e6bc        0x4 
 .text.fsdev_fstat
                0x000000000000e6c0       0xa4 C:/devkitPro/libnx/lib\libnx.a(fs_dev.o)
 *fill*         0x000000000000e764        0xc 
 .text.fsdev_seek
                0x000000000000e770       0xb0 C:/devkitPro/libnx/lib\libnx.a(fs_dev.o)
 .text.fsdev_read
                0x000000000000e820      0x198 C:/devkitPro/libnx/lib\libnx.a(fs_dev.o)
 *fill*         0x000000000000e9b8        0x8 
 .text.fsdev_write
                0x000000000000e9c0      0x1a0 C:/devkitPro/libnx/lib\libnx.a(fs_dev.o)
 .text.fsdevFindDevice
                0x000000000000eb60      0x120 C:/devkitPro/libnx/lib\libnx.a(fs_dev.o)
 .text._fsdevMountDevice
                0x000000000000ec80      0x168 C:/devkitPro/libnx/lib\libnx.a(fs_dev.o)
 *fill*         0x000000000000ede8        0x8 
 .text.fsdev_getfspath
                0x000000000000edf0      0x1fc C:/devkitPro/libnx/lib\libnx.a(fs_dev.o)
 *fill*         0x000000000000efec        0x4 
 .text.fsdev_rmdir
                0x000000000000eff0       0x70 C:/devkitPro/libnx/lib\libnx.a(fs_dev.o)
 .text.fsdev_statvfs
                0x000000000000f060       0xd4 C:/devkitPro/libnx/lib\libnx.a(fs_dev.o)
 *fill*         0x000000000000f134        0xc 
 .text.fsdev_diropen
                0x000000000000f140       0xec C:/devkitPro/libnx/lib\libnx.a(fs_dev.o)
 *fill*         0x000000000000f22c        0x4 
 .text.fsdev_mkdir
                0x000000000000f230       0x70 C:/devkitPro/libnx/lib\libnx.a(fs_dev.o)
 .text.fsdev_rename
                0x000000000000f2a0      0x114 C:/devkitPro/libnx/lib\libnx.a(fs_dev.o)
 *fill*         0x000000000000f3b4        0xc 
 .text.fsdev_chdir
                0x000000000000f3c0       0xe8 C:/devkitPro/libnx/lib\libnx.a(fs_dev.o)
 *fill*         0x000000000000f4a8        0x8 
 .text.fsdev_unlink
                0x000000000000f4b0       0x70 C:/devkitPro/libnx/lib\libnx.a(fs_dev.o)
 .text.fsdev_stat
                0x000000000000f520      0x1bc C:/devkitPro/libnx/lib\libnx.a(fs_dev.o)
 *fill*         0x000000000000f6dc        0x4 
 .text.fsdev_open
                0x000000000000f6e0      0x19c C:/devkitPro/libnx/lib\libnx.a(fs_dev.o)
 *fill*         0x000000000000f87c        0x4 
 .text._fsdevUnmountDeviceStruct.part.4
                0x000000000000f880       0xb8 C:/devkitPro/libnx/lib\libnx.a(fs_dev.o)
 *fill*         0x000000000000f938        0x8 
 .text.fsdev_fchmod
                0x000000000000f940       0x10 C:/devkitPro/libnx/lib\libnx.a(fs_dev.o)
 .text.fsdevMountSdmc
                0x000000000000f950      0x158 C:/devkitPro/libnx/lib\libnx.a(fs_dev.o)
                0x000000000000f950                fsdevMountSdmc
 *fill*         0x000000000000faa8        0x8 
 .text.fsdevUnmountAll
                0x000000000000fab0       0x64 C:/devkitPro/libnx/lib\libnx.a(fs_dev.o)
                0x000000000000fab0                fsdevUnmountAll
 *fill*         0x000000000000fb14        0xc 
 .text.encode_utf16
                0x000000000000fb20       0x5c C:/devkitPro/libnx/lib\libnx.a(encode_utf16.o)
                0x000000000000fb20                encode_utf16
 *fill*         0x000000000000fb7c        0x4 
 .text.encode_utf8
                0x000000000000fb80       0xdc C:/devkitPro/libnx/lib\libnx.a(encode_utf8.o)
                0x000000000000fb80                encode_utf8
 *fill*         0x000000000000fc5c        0x4 
 .text.decode_utf8
                0x000000000000fc60      0x12c C:/devkitPro/libnx/lib\libnx.a(decode_utf8.o)
                0x000000000000fc60                decode_utf8
 .text.__libnx_exception_entry
                0x000000000000fd8c      0x1c0 C:/devkitPro/libnx/lib\libnx.a(exception.o)
                0x000000000000fd8c                __libnx_exception_entry
 .text.__libnx_exception_returnentry
                0x000000000000ff4c       0x18 C:/devkitPro/libnx/lib\libnx.a(exception.o)
                0x000000000000ff4c                __libnx_exception_returnentry
 .text.__aarch64_read_tp
                0x000000000000ff64        0xc C:/devkitPro/libnx/lib\libnx.a(readtp.o)
                0x000000000000ff64                __aarch64_read_tp
 .text.ipcCloseObjectById
                0x000000000000ff70       0x34 C:/devkitPro/libnx/lib\libnx.a(time.o)
 *fill*         0x000000000000ffa4        0xc 
 .text._timeGetSession
                0x000000000000ffb0      0x12c C:/devkitPro/libnx/lib\libnx.a(time.o)
 *fill*         0x00000000000100dc        0x4 
 .text.timeExit
                0x00000000000100e0      0x1ec C:/devkitPro/libnx/lib\libnx.a(time.o)
                0x00000000000100e0                timeExit
 *fill*         0x00000000000102cc        0x4 
 .text.timeInitialize
                0x00000000000102d0       0xd8 C:/devkitPro/libnx/lib\libnx.a(time.o)
                0x00000000000102d0                timeInitialize
 *fill*         0x00000000000103a8        0x8 
 .text.timeGetCurrentTime
                0x00000000000103b0      0x124 C:/devkitPro/libnx/lib\libnx.a(time.o)
                0x00000000000103b0                timeGetCurrentTime
 *fill*         0x00000000000104d4        0xc 
 .text.timeToCalendarTimeWithMyRule
                0x00000000000104e0      0x118 C:/devkitPro/libnx/lib\libnx.a(time.o)
                0x00000000000104e0                timeToCalendarTimeWithMyRule
 *fill*         0x00000000000105f8        0x8 
 .text.ipcPrepareHeader
                0x0000000000010600      0x220 C:/devkitPro/libnx/lib\libnx.a(fs.o)
 .text.ipcParse
                0x0000000000010820      0x22c C:/devkitPro/libnx/lib\libnx.a(fs.o)
 *fill*         0x0000000000010a4c        0x4 
 .text.serviceIpcParse
                0x0000000000010a50       0xb0 C:/devkitPro/libnx/lib\libnx.a(fs.o)
 .text.ipcCloseObjectById
                0x0000000000010b00       0x34 C:/devkitPro/libnx/lib\libnx.a(fs.o)
 *fill*         0x0000000000010b34        0xc 
 .text.fsInitialize
                0x0000000000010b40      0x200 C:/devkitPro/libnx/lib\libnx.a(fs.o)
                0x0000000000010b40                fsInitialize
 .text.fsExit   0x0000000000010d40       0x9c C:/devkitPro/libnx/lib\libnx.a(fs.o)
                0x0000000000010d40                fsExit
 *fill*         0x0000000000010ddc        0x4 
 .text.fsMountSdcard
                0x0000000000010de0      0x13c C:/devkitPro/libnx/lib\libnx.a(fs.o)
                0x0000000000010de0                fsMountSdcard
 *fill*         0x0000000000010f1c        0x4 
 .text.fsFsCreateFile
                0x0000000000010f20      0x120 C:/devkitPro/libnx/lib\libnx.a(fs.o)
                0x0000000000010f20                fsFsCreateFile
 .text.fsFsDeleteFile
                0x0000000000011040      0x118 C:/devkitPro/libnx/lib\libnx.a(fs.o)
                0x0000000000011040                fsFsDeleteFile
 *fill*         0x0000000000011158        0x8 
 .text.fsFsCreateDirectory
                0x0000000000011160      0x118 C:/devkitPro/libnx/lib\libnx.a(fs.o)
                0x0000000000011160                fsFsCreateDirectory
 *fill*         0x0000000000011278        0x8 
 .text.fsFsDeleteDirectory
                0x0000000000011280      0x118 C:/devkitPro/libnx/lib\libnx.a(fs.o)
                0x0000000000011280                fsFsDeleteDirectory
 *fill*         0x0000000000011398        0x8 
 .text.fsFsRenameFile
                0x00000000000113a0      0x190 C:/devkitPro/libnx/lib\libnx.a(fs.o)
                0x00000000000113a0                fsFsRenameFile
 .text.fsFsRenameDirectory
                0x0000000000011530      0x190 C:/devkitPro/libnx/lib\libnx.a(fs.o)
                0x0000000000011530                fsFsRenameDirectory
 .text.fsFsGetEntryType
                0x00000000000116c0      0x12c C:/devkitPro/libnx/lib\libnx.a(fs.o)
                0x00000000000116c0                fsFsGetEntryType
 *fill*         0x00000000000117ec        0x4 
 .text.fsFsOpenFile
                0x00000000000117f0      0x150 C:/devkitPro/libnx/lib\libnx.a(fs.o)
                0x00000000000117f0                fsFsOpenFile
 .text.fsFsOpenDirectory
                0x0000000000011940      0x150 C:/devkitPro/libnx/lib\libnx.a(fs.o)
                0x0000000000011940                fsFsOpenDirectory
 .text.fsFsGetFreeSpace
                0x0000000000011a90      0x12c C:/devkitPro/libnx/lib\libnx.a(fs.o)
                0x0000000000011a90                fsFsGetFreeSpace
 *fill*         0x0000000000011bbc        0x4 
 .text.fsFsGetTotalSpace
                0x0000000000011bc0      0x12c C:/devkitPro/libnx/lib\libnx.a(fs.o)
                0x0000000000011bc0                fsFsGetTotalSpace
 *fill*         0x0000000000011cec        0x4 
 .text.fsFsGetFileTimeStampRaw
                0x0000000000011cf0      0x190 C:/devkitPro/libnx/lib\libnx.a(fs.o)
                0x0000000000011cf0                fsFsGetFileTimeStampRaw
 .text.fsFsClose
                0x0000000000011e80       0x6c C:/devkitPro/libnx/lib\libnx.a(fs.o)
                0x0000000000011e80                fsFsClose
 *fill*         0x0000000000011eec        0x4 
 .text.fsFileRead
                0x0000000000011ef0      0x170 C:/devkitPro/libnx/lib\libnx.a(fs.o)
                0x0000000000011ef0                fsFileRead
 .text.fsFileWrite
                0x0000000000012060      0x10c C:/devkitPro/libnx/lib\libnx.a(fs.o)
                0x0000000000012060                fsFileWrite
 *fill*         0x000000000001216c        0x4 
 .text.fsFileFlush
                0x0000000000012170       0xe8 C:/devkitPro/libnx/lib\libnx.a(fs.o)
                0x0000000000012170                fsFileFlush
 *fill*         0x0000000000012258        0x8 
 .text.fsFileSetSize
                0x0000000000012260       0xf0 C:/devkitPro/libnx/lib\libnx.a(fs.o)
                0x0000000000012260                fsFileSetSize
 .text.fsFileGetSize
                0x0000000000012350      0x100 C:/devkitPro/libnx/lib\libnx.a(fs.o)
                0x0000000000012350                fsFileGetSize
 .text.fsFileClose
                0x0000000000012450       0x6c C:/devkitPro/libnx/lib\libnx.a(fs.o)
                0x0000000000012450                fsFileClose
 *fill*         0x00000000000124bc        0x4 
 .text.fsDirClose
                0x00000000000124c0       0x6c C:/devkitPro/libnx/lib\libnx.a(fs.o)
                0x00000000000124c0                fsDirClose
 *fill*         0x000000000001252c        0x4 
 .text.fsDirRead
                0x0000000000012530      0x16c C:/devkitPro/libnx/lib\libnx.a(fs.o)
                0x0000000000012530                fsDirRead
 *fill*         0x000000000001269c        0x4 
 .text.nxlinkSetup
                0x00000000000126a0       0xc4 C:/devkitPro/libnx/lib\libnx.a(nxlink.o)
                0x00000000000126a0                nxlinkSetup
 *fill*         0x0000000000012764        0x4 
 .text.aligned_alloc
                0x0000000000012768       0x38 c:/devkitpro/devkita64/bin/../lib/gcc/aarch64-none-elf/8.2.0/../../../../aarch64-none-elf/lib/pic\libg.a(lib_a-aligned_alloc.o)
                0x0000000000012768                aligned_alloc
 .text.atoi     0x00000000000127a0       0x1c c:/devkitpro/devkita64/bin/../lib/gcc/aarch64-none-elf/8.2.0/../../../../aarch64-none-elf/lib/pic\libg.a(lib_a-atoi.o)
                0x00000000000127a0                atoi
 *fill*         0x00000000000127bc        0x4 
 .text.bsearch  0x00000000000127c0       0xb8 c:/devkitpro/devkita64/bin/../lib/gcc/aarch64-none-elf/8.2.0/../../../../aarch64-none-elf/lib/pic\libg.a(lib_a-bsearch.o)
                0x00000000000127c0                bsearch
 .text.calloc   0x0000000000012878       0x30 c:/devkitpro/devkita64/bin/../lib/gcc/aarch64-none-elf/8.2.0/../../../../aarch64-none-elf/lib/pic\libg.a(lib_a-calloc.o)
                0x0000000000012878                calloc
 .text._calloc_r
                0x00000000000128a8       0x94 c:/devkitpro/devkita64/bin/../lib/gcc/aarch64-none-elf/8.2.0/../../../../aarch64-none-elf/lib/pic\libg.a(lib_a-callocr.o)
                0x00000000000128a8                _calloc_r
 *fill*         0x000000000001293c        0x4 
 .text.__errno  0x0000000000012940       0x14 c:/devkitpro/devkita64/bin/../lib/gcc/aarch64-none-elf/8.2.0/../../../../aarch64-none-elf/lib/pic\libg.a(lib_a-errno.o)
                0x0000000000012940                __errno
 *fill*         0x0000000000012954        0x4 
 .text.__libc_fini_array
                0x0000000000012958       0x44 c:/devkitpro/devkita64/bin/../lib/gcc/aarch64-none-elf/8.2.0/../../../../aarch64-none-elf/lib/pic\libg.a(lib_a-fini.o)
                0x0000000000012958                __libc_fini_array
 *fill*         0x000000000001299c        0x4 
 .text._malloc_trim_r
                0x00000000000129a0      0x118 c:/devkitpro/devkita64/bin/../lib/gcc/aarch64-none-elf/8.2.0/../../../../aarch64-none-elf/lib/pic\libg.a(lib_a-freer.o)
                0x00000000000129a0                _malloc_trim_r
 .text._free_r  0x0000000000012ab8      0x2f4 c:/devkitpro/devkita64/bin/../lib/gcc/aarch64-none-elf/8.2.0/../../../../aarch64-none-elf/lib/pic\libg.a(lib_a-freer.o)
                0x0000000000012ab8                _free_r
 *fill*         0x0000000000012dac        0x4 
 .text._findenv_r
                0x0000000000012db0      0x100 c:/devkitpro/devkita64/bin/../lib/gcc/aarch64-none-elf/8.2.0/../../../../aarch64-none-elf/lib/pic\libg.a(lib_a-getenv_r.o)
                0x0000000000012db0                _findenv_r
 .text.__libc_init_array
                0x0000000000012eb0       0x8c c:/devkitpro/devkita64/bin/../lib/gcc/aarch64-none-elf/8.2.0/../../../../aarch64-none-elf/lib/pic\libg.a(lib_a-init.o)
                0x0000000000012eb0                __libc_init_array
 *fill*         0x0000000000012f3c        0x4 
 .text.__locale_ctype_ptr_l
                0x0000000000012f40        0x8 c:/devkitpro/devkita64/bin/../lib/gcc/aarch64-none-elf/8.2.0/../../../../aarch64-none-elf/lib/pic\libg.a(lib_a-locale.o)
                0x0000000000012f40                __locale_ctype_ptr_l
 .text.__locale_ctype_ptr
                0x0000000000012f48       0x2c c:/devkitpro/devkita64/bin/../lib/gcc/aarch64-none-elf/8.2.0/../../../../aarch64-none-elf/lib/pic\libg.a(lib_a-locale.o)
                0x0000000000012f48                __locale_ctype_ptr
 *fill*         0x0000000000012f74        0x4 
 .text.memalign
                0x0000000000012f78       0x30 c:/devkitpro/devkita64/bin/../lib/gcc/aarch64-none-elf/8.2.0/../../../../aarch64-none-elf/lib/pic\libg.a(lib_a-malign.o)
                0x0000000000012f78                memalign
 .text._memalign_r
                0x0000000000012fa8      0x198 c:/devkitpro/devkita64/bin/../lib/gcc/aarch64-none-elf/8.2.0/../../../../aarch64-none-elf/lib/pic\libg.a(lib_a-malignr.o)
                0x0000000000012fa8                _memalign_r
 .text.free     0x0000000000013140       0x1c c:/devkitpro/devkita64/bin/../lib/gcc/aarch64-none-elf/8.2.0/../../../../aarch64-none-elf/lib/pic\libg.a(lib_a-malloc.o)
                0x0000000000013140                free
 *fill*         0x000000000001315c        0x4 
 .text._malloc_r
                0x0000000000013160      0x844 c:/devkitpro/devkita64/bin/../lib/gcc/aarch64-none-elf/8.2.0/../../../../aarch64-none-elf/lib/pic\libg.a(lib_a-mallocr.o)
                0x0000000000013160                _malloc_r
 *fill*         0x00000000000139a4        0x4 
 .text.__utf8_mbtowc
                0x00000000000139a8      0x2c8 c:/devkitpro/devkita64/bin/../lib/gcc/aarch64-none-elf/8.2.0/../../../../aarch64-none-elf/lib/pic\libg.a(lib_a-mbtowc_r.o)
                0x00000000000139a8                __utf8_mbtowc
 *fill*         0x0000000000013c70       0x10 
 .text          0x0000000000013c80      0x16c c:/devkitpro/devkita64/bin/../lib/gcc/aarch64-none-elf/8.2.0/../../../../aarch64-none-elf/lib/pic\libg.a(lib_a-memcpy.o)
                0x0000000000013c80                memcpy
 *fill*         0x0000000000013dec       0x14 
 .text          0x0000000000013e00      0x1d8 c:/devkitpro/devkita64/bin/../lib/gcc/aarch64-none-elf/8.2.0/../../../../aarch64-none-elf/lib/pic\libg.a(lib_a-memset.o)
                0x0000000000013e00                memset
 .text.__malloc_lock
                0x0000000000013fd8        0xc c:/devkitpro/devkita64/bin/../lib/gcc/aarch64-none-elf/8.2.0/../../../../aarch64-none-elf/lib/pic\libg.a(lib_a-mlock.o)
                0x0000000000013fd8                __malloc_lock
 *fill*         0x0000000000013fe4        0x4 
 .text.__malloc_unlock
                0x0000000000013fe8        0xc c:/devkitpro/devkita64/bin/../lib/gcc/aarch64-none-elf/8.2.0/../../../../aarch64-none-elf/lib/pic\libg.a(lib_a-mlock.o)
                0x0000000000013fe8                __malloc_unlock
 *fill*         0x0000000000013ff4        0x4 
 .text.setenv   0x0000000000013ff8       0x3c c:/devkitpro/devkita64/bin/../lib/gcc/aarch64-none-elf/8.2.0/../../../../aarch64-none-elf/lib/pic\libg.a(lib_a-setenv.o)
                0x0000000000013ff8                setenv
 *fill*         0x0000000000014034        0x4 
 .text._setenv_r
                0x0000000000014038      0x264 c:/devkitpro/devkita64/bin/../lib/gcc/aarch64-none-elf/8.2.0/../../../../aarch64-none-elf/lib/pic\libg.a(lib_a-setenv_r.o)
                0x0000000000014038                _setenv_r
 .text          0x000000000001429c       0xdc c:/devkitpro/devkita64/bin/../lib/gcc/aarch64-none-elf/8.2.0/../../../../aarch64-none-elf/lib/pic\libg.a(lib_a-strchr.o)
                0x000000000001429c                strchr
 *fill*         0x0000000000014378        0x8 
 .text          0x0000000000014380       0xa4 c:/devkitpro/devkita64/bin/../lib/gcc/aarch64-none-elf/8.2.0/../../../../aarch64-none-elf/lib/pic\libg.a(lib_a-strcmp.o)
                0x0000000000014380                strcmp
 *fill*         0x0000000000014424       0x1c 
 .text          0x0000000000014440      0x140 c:/devkitpro/devkita64/bin/../lib/gcc/aarch64-none-elf/8.2.0/../../../../aarch64-none-elf/lib/pic\libg.a(lib_a-strlen.o)
                0x0000000000014440                strlen
 .text.strncat  0x0000000000014580       0x84 c:/devkitpro/devkita64/bin/../lib/gcc/aarch64-none-elf/8.2.0/../../../../aarch64-none-elf/lib/pic\libg.a(lib_a-strncat.o)
                0x0000000000014580                strncat
 *fill*         0x0000000000014604       0x3c 
 .text          0x0000000000014640      0x124 c:/devkitpro/devkita64/bin/../lib/gcc/aarch64-none-elf/8.2.0/../../../../aarch64-none-elf/lib/pic\libg.a(lib_a-strncmp.o)
                0x000000000001465c                strncmp
 *fill*         0x0000000000014764        0x4 
 .text.strncpy  0x0000000000014768       0xa8 c:/devkitpro/devkita64/bin/../lib/gcc/aarch64-none-elf/8.2.0/../../../../aarch64-none-elf/lib/pic\libg.a(lib_a-strncpy.o)
                0x0000000000014768                strncpy
 *fill*         0x0000000000014810       0x30 
 .text          0x0000000000014840       0xe0 c:/devkitpro/devkita64/bin/../lib/gcc/aarch64-none-elf/8.2.0/../../../../aarch64-none-elf/lib/pic\libg.a(lib_a-strnlen.o)
                0x0000000000014864                strnlen
 .text._strtol_l.isra.0
                0x0000000000014920      0x1d0 c:/devkitpro/devkita64/bin/../lib/gcc/aarch64-none-elf/8.2.0/../../../../aarch64-none-elf/lib/pic\libg.a(lib_a-strtol.o)
 .text.strtol   0x0000000000014af0       0x5c c:/devkitpro/devkita64/bin/../lib/gcc/aarch64-none-elf/8.2.0/../../../../aarch64-none-elf/lib/pic\libg.a(lib_a-strtol.o)
                0x0000000000014af0                strtol
 *fill*         0x0000000000014b4c        0x4 
 .text._strtoul_l.isra.0
                0x0000000000014b50      0x1e0 c:/devkitpro/devkita64/bin/../lib/gcc/aarch64-none-elf/8.2.0/../../../../aarch64-none-elf/lib/pic\libg.a(lib_a-strtoul.o)
 .text.strtoul  0x0000000000014d30       0x5c c:/devkitpro/devkita64/bin/../lib/gcc/aarch64-none-elf/8.2.0/../../../../aarch64-none-elf/lib/pic\libg.a(lib_a-strtoul.o)
                0x0000000000014d30                strtoul
 *fill*         0x0000000000014d8c        0x4 
 .text.__utf8_wctomb
                0x0000000000014d90       0xe4 c:/devkitpro/devkita64/bin/../lib/gcc/aarch64-none-elf/8.2.0/../../../../aarch64-none-elf/lib/pic\libg.a(lib_a-wctomb_r.o)
                0x0000000000014d90                __utf8_wctomb
 *fill*         0x0000000000014e74        0x4 
 .text.__call_exitprocs
                0x0000000000014e78      0x17c c:/devkitpro/devkita64/bin/../lib/gcc/aarch64-none-elf/8.2.0/../../../../aarch64-none-elf/lib/pic\libg.a(lib_a-__call_atexit.o)
                0x0000000000014e78                __call_exitprocs
 *fill*         0x0000000000014ff4        0x4 
 .text.__env_lock
                0x0000000000014ff8        0xc c:/devkitpro/devkita64/bin/../lib/gcc/aarch64-none-elf/8.2.0/../../../../aarch64-none-elf/lib/pic\libg.a(lib_a-envlock.o)
                0x0000000000014ff8                __env_lock
 *fill*         0x0000000000015004        0x4 
 .text.__env_unlock
                0x0000000000015008        0xc c:/devkitpro/devkita64/bin/../lib/gcc/aarch64-none-elf/8.2.0/../../../../aarch64-none-elf/lib/pic\libg.a(lib_a-envlock.o)
                0x0000000000015008                __env_unlock
 *fill*         0x0000000000015014        0x4 
 .text._realloc_r
                0x0000000000015018      0x56c c:/devkitpro/devkita64/bin/../lib/gcc/aarch64-none-elf/8.2.0/../../../../aarch64-none-elf/lib/pic\libg.a(lib_a-reallocr.o)
                0x0000000000015018                _realloc_r
 *fill*         0x0000000000015584       0x3c 
 .text          0x00000000000155c0       0xac c:/devkitpro/devkita64/bin/../lib/gcc/aarch64-none-elf/8.2.0/../../../../aarch64-none-elf/lib/pic\libg.a(lib_a-memmove.o)
                0x00000000000155c0                memmove
 *fill*         0x000000000001566c        0x4 
 .text.null_write
                0x0000000000015670        0x8 c:/devkitpro/devkita64/bin/../lib/gcc/aarch64-none-elf/8.2.0/../../../../aarch64-none-elf/lib/pic\libsysbase.a(iosupport.o)
 .text.setDefaultDevice
                0x0000000000015678       0x18 c:/devkitpro/devkita64/bin/../lib/gcc/aarch64-none-elf/8.2.0/../../../../aarch64-none-elf/lib/pic\libsysbase.a(iosupport.o)
                0x0000000000015678                setDefaultDevice
 .text.FindDevice
                0x0000000000015690       0xf8 c:/devkitpro/devkita64/bin/../lib/gcc/aarch64-none-elf/8.2.0/../../../../aarch64-none-elf/lib/pic\libsysbase.a(iosupport.o)
                0x0000000000015690                FindDevice
 .text.RemoveDevice
                0x0000000000015788       0x34 c:/devkitpro/devkita64/bin/../lib/gcc/aarch64-none-elf/8.2.0/../../../../aarch64-none-elf/lib/pic\libsysbase.a(iosupport.o)
                0x0000000000015788                RemoveDevice
 *fill*         0x00000000000157bc        0x4 
 .text.AddDevice
                0x00000000000157c0       0xd8 c:/devkitpro/devkita64/bin/../lib/gcc/aarch64-none-elf/8.2.0/../../../../aarch64-none-elf/lib/pic\libsysbase.a(iosupport.o)
                0x00000000000157c0                AddDevice
 .text._sbrk_r  0x0000000000015898       0x78 c:/devkitpro/devkita64/bin/../lib/gcc/aarch64-none-elf/8.2.0/../../../../aarch64-none-elf/lib/pic\libsysbase.a(sbrk.o)
                0x0000000000015898                _sbrk_r
 .text._exit    0x0000000000015910       0x24 c:/devkitpro/devkita64/bin/../lib/gcc/aarch64-none-elf/8.2.0/../../../../aarch64-none-elf/lib/pic\libsysbase.a(_exit.o)
                0x0000000000015910                _exit
 *fill*         0x0000000000015934        0x4 
 .text._concatenate_path
                0x0000000000015938      0x234 c:/devkitpro/devkita64/bin/../lib/gcc/aarch64-none-elf/8.2.0/../../../../aarch64-none-elf/lib/pic\libsysbase.a(chdir.o)
                0x0000000000015938                _concatenate_path
 *fill*         0x0000000000015b6c        0x4 
 .text.chdir    0x0000000000015b70      0x178 c:/devkitpro/devkita64/bin/../lib/gcc/aarch64-none-elf/8.2.0/../../../../aarch64-none-elf/lib/pic\libsysbase.a(chdir.o)
                0x0000000000015b70                chdir
 .text.__libc_lock_acquire_recursive
                0x0000000000015ce8       0x18 c:/devkitpro/devkita64/bin/../lib/gcc/aarch64-none-elf/8.2.0/../../../../aarch64-none-elf/lib/pic\libsysbase.a(syscall_support.o)
                0x0000000000015ce8                __libc_lock_acquire_recursive
 .text.__libc_lock_release_recursive
                0x0000000000015d00       0x18 c:/devkitpro/devkita64/bin/../lib/gcc/aarch64-none-elf/8.2.0/../../../../aarch64-none-elf/lib/pic\libsysbase.a(syscall_support.o)
                0x0000000000015d00                __libc_lock_release_recursive
 .text.__getreent
                0x0000000000015d18       0x24 c:/devkitpro/devkita64/bin/../lib/gcc/aarch64-none-elf/8.2.0/../../../../aarch64-none-elf/lib/pic\libsysbase.a(getreent.o)
                0x0000000000015d18                __getreent
 .text          0x0000000000015d3c      0x100 c:/devkitpro/devkita64/bin/../lib/gcc/aarch64-none-elf/8.2.0/../../../../aarch64-none-elf/lib/pic\libg.a(lib_a-strrchr.o)
                0x0000000000015d3c                strrchr
                0x0000000000015e40                . = ALIGN (0x8)
 *fill*         0x0000000000015e3c        0x4 

.fini           0x0000000000015e40       0x38
 *(.fini)
 .fini          0x0000000000015e40       0x18 c:/devkitpro/devkita64/bin/../lib/gcc/aarch64-none-elf/8.2.0/pic/crti.o
                0x0000000000015e40                _fini
 .fini          0x0000000000015e58       0x1c c:/devkitpro/devkita64/bin/../lib/gcc/aarch64-none-elf/8.2.0/pic/crtn.o
                0x0000000000015e78                . = ALIGN (0x8)
 *fill*         0x0000000000015e74        0x4 
                0x0000000000016000                . = ALIGN (0x1000)

.rodata         0x0000000000016000      0x358
 *(.rodata .rodata.* .gnu.linkonce.r.*)
 .rodata.cst8   0x0000000000016000       0x20 functions.o
 .rodata.str1.8
                0x0000000000016020       0x1b functions.o
 *fill*         0x000000000001603b        0x5 
 .rodata.CSWTCH.83
                0x0000000000016040       0x14 C:/devkitPro/libnx/lib\libnx.a(applet.o)
 *fill*         0x0000000000016054        0x4 
 .rodata.appletInitialize.str1.8
                0x0000000000016058       0x19 C:/devkitPro/libnx/lib\libnx.a(applet.o)
 *fill*         0x0000000000016071        0x7 
 .rodata        0x0000000000016078       0x24 C:/devkitPro/libnx/lib\libnx.a(hid.o)
 *fill*         0x000000000001609c        0x4 
 .rodata.hidInitialize.str1.8
                0x00000000000160a0        0x4 C:/devkitPro/libnx/lib\libnx.a(hid.o)
 *fill*         0x00000000000160a4        0x4 
 .rodata.apmInitialize.str1.8
                0x00000000000160a8        0xc C:/devkitPro/libnx/lib\libnx.a(apm.o)
 *fill*         0x00000000000160b4        0x4 
 .rodata._fatalImpl.str1.8
                0x00000000000160b8        0x8 C:/devkitPro/libnx/lib\libnx.a(fatal.o)
 .rodata.smInitialize.str1.8
                0x00000000000160c0        0x4 C:/devkitPro/libnx/lib\libnx.a(sm.o)
                                          0x9 (size before relaxing)
 *fill*         0x00000000000160c4        0x4 
 .rodata.g_nvColorFmtTable
                0x00000000000160c8       0x38 C:/devkitPro/libnx/lib\libnx.a(framebuffer.o)
 .rodata.__nx_win_init.str1.8
                0x0000000000016100        0x8 C:/devkitPro/libnx/lib\libnx.a(default_window.o)
 .rodata.nvInitialize.str1.8
                0x0000000000016108       0x18 C:/devkitPro/libnx/lib\libnx.a(nv.o)
 .rodata.viInitialize.str1.8
                0x0000000000016120       0x15 C:/devkitPro/libnx/lib\libnx.a(vi.o)
 *fill*         0x0000000000016135        0x3 
 .rodata.nvFenceInit.str1.8
                0x0000000000016138       0x11 C:/devkitPro/libnx/lib\libnx.a(fence.o)
 *fill*         0x0000000000016149        0x7 
 .rodata.nvMapInit.str1.8
                0x0000000000016150        0xb C:/devkitPro/libnx/lib\libnx.a(map.o)
 *fill*         0x000000000001615b        0x5 
 .rodata.g_bq_InterfaceDescriptor
                0x0000000000016160       0x23 C:/devkitPro/libnx/lib\libnx.a(buffer_producer.o)
 *fill*         0x0000000000016183        0x5 
 .rodata.__libnx_init_time.str1.8
                0x0000000000016188        0x3 C:/devkitPro/libnx/lib\libnx.a(newlib.o)
 *fill*         0x000000000001618b        0x5 
 .rodata._fsdevUnmountDeviceStruct.part.4.str1.8
                0x0000000000016190        0x2 C:/devkitPro/libnx/lib\libnx.a(fs_dev.o)
 *fill*         0x0000000000016192        0x6 
 .rodata.error_table
                0x0000000000016198       0x18 C:/devkitPro/libnx/lib\libnx.a(fs_dev.o)
 .rodata.fsdevMountSdmc.str1.8
                0x00000000000161b0        0x5 C:/devkitPro/libnx/lib\libnx.a(fs_dev.o)
 *fill*         0x00000000000161b5        0x3 
 .rodata.timeInitialize.str1.8
                0x00000000000161b8        0xf C:/devkitPro/libnx/lib\libnx.a(time.o)
 *fill*         0x00000000000161c7        0x1 
 .rodata.fsInitialize.str1.8
                0x00000000000161c8        0x8 C:/devkitPro/libnx/lib\libnx.a(fs.o)
 .rodata.nxlinkSetup.str1.8
                0x00000000000161d0        0x9 C:/devkitPro/libnx/lib\libnx.a(nxlink.o)
 *fill*         0x00000000000161d9        0x7 
 .rodata.str1.8
                0x00000000000161e0       0x5c c:/devkitpro/devkita64/bin/../lib/gcc/aarch64-none-elf/8.2.0/../../../../aarch64-none-elf/lib/pic\libg.a(lib_a-locale.o)
                                         0x64 (size before relaxing)
 *fill*         0x000000000001623c        0x4 
 .rodata._ctype_
                0x0000000000016240      0x101 c:/devkitpro/devkita64/bin/../lib/gcc/aarch64-none-elf/8.2.0/../../../../aarch64-none-elf/lib/pic\libg.a(lib_a-ctype_.o)
                0x0000000000016240                _ctype_
 *fill*         0x0000000000016341        0x7 
 .rodata.AddDevice.str1.8
                0x0000000000016348        0x8 c:/devkitpro/devkita64/bin/../lib/gcc/aarch64-none-elf/8.2.0/../../../../aarch64-none-elf/lib/pic\libsysbase.a(iosupport.o)
 .rodata.DIRECTORY_PARENT
                0x0000000000016350        0x3 c:/devkitpro/devkita64/bin/../lib/gcc/aarch64-none-elf/8.2.0/../../../../aarch64-none-elf/lib/pic\libsysbase.a(chdir.o)
                0x0000000000016350                DIRECTORY_PARENT
                0x0000000000016358                . = ALIGN (0x8)
 *fill*         0x0000000000016353        0x5 

.eh_frame_hdr   0x0000000000016358        0x0
                0x0000000000016358                __eh_frame_hdr_start = .
 *(.eh_frame_hdr)
 *(.eh_frame_entry .eh_frame_entry.*)
                0x0000000000016358                __eh_frame_hdr_end = .

.eh_frame       0x0000000000016358     0x48c8
 *(.eh_frame)
 .eh_frame      0x0000000000016358       0x80 c:/devkitpro/devkita64/bin/../lib/gcc/aarch64-none-elf/8.2.0/pic/crtbegin.o
 .eh_frame      0x00000000000163d8      0x190 functions.o
                                        0x3e0 (size before relaxing)
 .eh_frame      0x0000000000016568       0x28 main.o
                                         0x38 (size before relaxing)
 .eh_frame      0x0000000000016590      0x9e8 C:/devkitPro/libnx/lib\libnx.a(applet.o)
                                        0xf40 (size before relaxing)
 .eh_frame      0x0000000000016f78      0x2e0 C:/devkitPro/libnx/lib\libnx.a(hid.o)
                                        0x968 (size before relaxing)
 .eh_frame      0x0000000000017258       0xe0 C:/devkitPro/libnx/lib\libnx.a(apm.o)
                                        0x128 (size before relaxing)
 .eh_frame      0x0000000000017338       0x60 C:/devkitPro/libnx/lib\libnx.a(fatal.o)
                                         0x88 (size before relaxing)
 .eh_frame      0x0000000000017398      0x130 C:/devkitPro/libnx/lib\libnx.a(sm.o)
                                        0x1c0 (size before relaxing)
 .eh_frame      0x00000000000174c8      0x190 C:/devkitPro/libnx/lib\libnx.a(framebuffer.o)
                                        0x1a0 (size before relaxing)
 .eh_frame      0x0000000000017658       0x70 C:/devkitPro/libnx/lib\libnx.a(default_window.o)
                                         0x88 (size before relaxing)
 .eh_frame      0x00000000000176c8      0x278 C:/devkitPro/libnx/lib\libnx.a(native_window.o)
                                        0x3e0 (size before relaxing)
 .eh_frame      0x0000000000017940      0x160 C:/devkitPro/libnx/lib\libnx.a(swkbd.o)
                                        0x298 (size before relaxing)
 .eh_frame      0x0000000000017aa0      0x110 C:/devkitPro/libnx/lib\libnx.a(env.o)
                                        0x1d8 (size before relaxing)
 .eh_frame      0x0000000000017bb0       0x48 C:/devkitPro/libnx/lib\libnx.a(utf16_to_utf8.o)
                                         0x60 (size before relaxing)
 .eh_frame      0x0000000000017bf8       0x18 C:/devkitPro/libnx/lib\libnx.a(decode_utf16.o)
                                         0x28 (size before relaxing)
 .eh_frame      0x0000000000017c10       0x48 C:/devkitPro/libnx/lib\libnx.a(utf8_to_utf16.o)
                                         0x60 (size before relaxing)
 .eh_frame      0x0000000000017c58       0x18 C:/devkitPro/libnx/lib\libnx.a(cache.o)
                                         0x68 (size before relaxing)
 .eh_frame      0x0000000000017c70      0x190 C:/devkitPro/libnx/lib\libnx.a(svc.o)
                                        0x7d0 (size before relaxing)
 .eh_frame      0x0000000000017e00      0x100 C:/devkitPro/libnx/lib\libnx.a(detect.o)
                                        0x138 (size before relaxing)
 .eh_frame      0x0000000000017f00       0xa0 C:/devkitPro/libnx/lib\libnx.a(shmem.o)
                                         0xc8 (size before relaxing)
 .eh_frame      0x0000000000017fa0       0xa0 C:/devkitPro/libnx/lib\libnx.a(wait.o)
                                         0xc8 (size before relaxing)
 .eh_frame      0x0000000000018040       0x80 C:/devkitPro/libnx/lib\libnx.a(rwlock.o)
                                         0xa8 (size before relaxing)
 .eh_frame      0x00000000000180c0       0xa8 C:/devkitPro/libnx/lib\libnx.a(tmem.o)
                                        0x108 (size before relaxing)
 .eh_frame      0x0000000000018168       0x70 C:/devkitPro/libnx/lib\libnx.a(mutex.o)
                                         0xc0 (size before relaxing)
 .eh_frame      0x00000000000181d8       0xb8 C:/devkitPro/libnx/lib\libnx.a(virtmem.o)
                                        0x120 (size before relaxing)
 .eh_frame      0x0000000000018290       0x60 C:/devkitPro/libnx/lib\libnx.a(event.o)
                                         0xc0 (size before relaxing)
 .eh_frame      0x00000000000182f0      0x260 C:/devkitPro/libnx/lib\libnx.a(nv.o)
                                        0x2b0 (size before relaxing)
 .eh_frame      0x0000000000018550      0x248 C:/devkitPro/libnx/lib\libnx.a(vi.o)
                                        0x5d8 (size before relaxing)
 .eh_frame      0x0000000000018798      0x130 C:/devkitPro/libnx/lib\libnx.a(fence.o)
                                        0x140 (size before relaxing)
 .eh_frame      0x00000000000188c8       0xd0 C:/devkitPro/libnx/lib\libnx.a(map.o)
                                        0x130 (size before relaxing)
 .eh_frame      0x0000000000018998       0xa8 C:/devkitPro/libnx/lib\libnx.a(nvhost-ctrl.o)
                                        0x120 (size before relaxing)
 .eh_frame      0x0000000000018a40       0x88 C:/devkitPro/libnx/lib\libnx.a(nvmap.o)
                                         0xe8 (size before relaxing)
 .eh_frame      0x0000000000018ac8      0x230 C:/devkitPro/libnx/lib\libnx.a(buffer_producer.o)
                                        0x288 (size before relaxing)
 .eh_frame      0x0000000000018cf8      0x210 C:/devkitPro/libnx/lib\libnx.a(binder.o)
                                        0x220 (size before relaxing)
 .eh_frame      0x0000000000018f08      0x238 C:/devkitPro/libnx/lib\libnx.a(parcel.o)
                                        0x268 (size before relaxing)